../Core/Src/album/fattester.c:12:4:mf_mount	16	static
../Core/Src/album/fattester.c:17:4:mf_open	24	static
../Core/Src/album/fattester.c:25:4:mf_close	8	static
../Core/Src/album/fattester.c:31:4:mf_read	24	static
../Core/Src/album/fattester.c:70:4:mf_write	24	static
../Core/Src/album/fattester.c:85:4:mf_opendir	16	static
../Core/Src/album/fattester.c:90:4:mf_closedir	8	static
../Core/Src/album/fattester.c:95:4:mf_readdir	16	static
../Core/Src/album/fattester.c:112:4:mf_scan_files	24	static
../Core/Src/album/fattester.c:131:5:mf_showfree	40	static
../Core/Src/album/fattester.c:165:4:mf_lseek	16	static
../Core/Src/album/fattester.c:171:5:mf_tell	4	static
../Core/Src/album/fattester.c:177:5:mf_size	4	static
../Core/Src/album/fattester.c:184:4:mf_mkdir	16	static
../Core/Src/album/fattester.c:193:4:mf_fmkfs	16	static
../Core/Src/album/fattester.c:200:4:mf_unlink	16	static
../Core/Src/album/fattester.c:209:4:mf_rename	16	static
../Core/Src/album/fattester.c:215:6:mf_getlabel	48	static
../Core/Src/album/fattester.c:229:6:mf_setlabel	24	static
../Core/Src/album/fattester.c:241:6:mf_gets	24	static
../Core/Src/album/fattester.c:255:4:mf_putc	16	static
../Core/Src/album/fattester.c:262:4:mf_puts	16	static
