../Core/Src/album/mmc_sd.c:11:4:SD_SPI_ReadWriteByte	16	static
../Core/Src/album/mmc_sd.c:16:6:SD_SPI_SpeedLow	8	static
../Core/Src/album/mmc_sd.c:21:6:SD_SPI_SpeedHigh	8	static
../Core/Src/album/mmc_sd.c:26:6:SD_SPI_Init	32	static
../Core/Src/album/mmc_sd.c:51:6:SD_DisSelect	8	static
../Core/Src/album/mmc_sd.c:58:4:SD_Select	8	static
../Core/Src/album/mmc_sd.c:67:4:SD_WaitReady	16	static
../Core/Src/album/mmc_sd.c:81:4:SD_GetResponse	24	static
../Core/Src/album/mmc_sd.c:92:4:SD_RecvData	16	static
../Core/Src/album/mmc_sd.c:109:4:SD_SendBlock	24	static
../Core/Src/album/mmc_sd.c:130:4:SD_SendCmd	24	static
../Core/Src/album/mmc_sd.c:157:4:SD_GetCID	24	static
../Core/Src/album/mmc_sd.c:174:4:SD_GetCSD	24	static
../Core/Src/album/mmc_sd.c:190:5:SD_GetSectorCount	32	static
../Core/Src/album/mmc_sd.c:212:4:SD_Init	32	static
../Core/Src/album/mmc_sd.c:284:4:SD_ReadDisk	32	static
../Core/Src/album/mmc_sd.c:313:4:SD_WriteDisk	32	static
