../Core/Src/album/tjpgd.c:132:7:alloc_pool	24	static
../Core/Src/album/tjpgd.c:159:6:create_qt_tbl	40	static
../Core/Src/album/tjpgd.c:196:6:create_huffman_tbl	64	static
../Core/Src/album/tjpgd.c:254:5:bitext	40	static
../Core/Src/album/tjpgd.c:305:5:huffext	56	static
../Core/Src/album/tjpgd.c:367:6:block_idct	88	static
../Core/Src/album/tjpgd.c:480:9:mcu_load	80	static
../Core/Src/album/tjpgd.c:562:9:mcu_output	160	static
../Core/Src/album/tjpgd.c:713:9:restart	32	static
../Core/Src/album/tjpgd.c:759:9:jd_prepare	56	static
../Core/Src/album/tjpgd.c:930:9:jd_decomp	48	static
../Core/Src/album/tjpgd.c:993:4:jpeg_mallocall	8	static
../Core/Src/album/tjpgd.c:1004:6:jpeg_freeall	8	static
../Core/Src/album/tjpgd.c:1026:5:jpeg_in_func	32	static
../Core/Src/album/tjpgd.c:1041:5:jpeg_out_func_fill	48	static
../Core/Src/album/tjpgd.c:1054:5:jpeg_out_func_point	48	static
../Core/Src/album/tjpgd.c:1089:4:jpg_decode	32	static
