Archive member included to satisfy reference by file (symbol)

D:/App/STM32CubeIDE_1.13.1/STM32CubeIDE/plugins/com.st.stm32cube.ide.mcu.externaltools.gnu-tools-for-stm32.11.3.rel1.win32_1.1.100.202309141235/tools/bin/../lib/gcc/arm-none-eabi/11.3.1/../../../../arm-none-eabi/lib/thumb/v7-m/nofp\libc_nano.a(libc_a-exit.o)
                              D:/App/STM32CubeIDE_1.13.1/STM32CubeIDE/plugins/com.st.stm32cube.ide.mcu.externaltools.gnu-tools-for-stm32.11.3.rel1.win32_1.1.100.202309141235/tools/bin/../lib/gcc/arm-none-eabi/11.3.1/../../../../arm-none-eabi/lib/thumb/v7-m/nofp/crt0.o (exit)
D:/App/STM32CubeIDE_1.13.1/STM32CubeIDE/plugins/com.st.stm32cube.ide.mcu.externaltools.gnu-tools-for-stm32.11.3.rel1.win32_1.1.100.202309141235/tools/bin/../lib/gcc/arm-none-eabi/11.3.1/../../../../arm-none-eabi/lib/thumb/v7-m/nofp\libc_nano.a(libc_a-findfp.o)
                              D:/App/STM32CubeIDE_1.13.1/STM32CubeIDE/plugins/com.st.stm32cube.ide.mcu.externaltools.gnu-tools-for-stm32.11.3.rel1.win32_1.1.100.202309141235/tools/bin/../lib/gcc/arm-none-eabi/11.3.1/../../../../arm-none-eabi/lib/thumb/v7-m/nofp\libc_nano.a(libc_a-exit.o) (__stdio_exit_handler)
D:/App/STM32CubeIDE_1.13.1/STM32CubeIDE/plugins/com.st.stm32cube.ide.mcu.externaltools.gnu-tools-for-stm32.11.3.rel1.win32_1.1.100.202309141235/tools/bin/../lib/gcc/arm-none-eabi/11.3.1/../../../../arm-none-eabi/lib/thumb/v7-m/nofp\libc_nano.a(libc_a-fwalk.o)
                              D:/App/STM32CubeIDE_1.13.1/STM32CubeIDE/plugins/com.st.stm32cube.ide.mcu.externaltools.gnu-tools-for-stm32.11.3.rel1.win32_1.1.100.202309141235/tools/bin/../lib/gcc/arm-none-eabi/11.3.1/../../../../arm-none-eabi/lib/thumb/v7-m/nofp\libc_nano.a(libc_a-findfp.o) (_fwalk_sglue)
D:/App/STM32CubeIDE_1.13.1/STM32CubeIDE/plugins/com.st.stm32cube.ide.mcu.externaltools.gnu-tools-for-stm32.11.3.rel1.win32_1.1.100.202309141235/tools/bin/../lib/gcc/arm-none-eabi/11.3.1/../../../../arm-none-eabi/lib/thumb/v7-m/nofp\libc_nano.a(libc_a-printf.o)
                              ./Core/Src/album/fattester.o (printf)
D:/App/STM32CubeIDE_1.13.1/STM32CubeIDE/plugins/com.st.stm32cube.ide.mcu.externaltools.gnu-tools-for-stm32.11.3.rel1.win32_1.1.100.202309141235/tools/bin/../lib/gcc/arm-none-eabi/11.3.1/../../../../arm-none-eabi/lib/thumb/v7-m/nofp\libc_nano.a(libc_a-putchar.o)
                              ./Core/Src/album/fattester.o (putchar)
D:/App/STM32CubeIDE_1.13.1/STM32CubeIDE/plugins/com.st.stm32cube.ide.mcu.externaltools.gnu-tools-for-stm32.11.3.rel1.win32_1.1.100.202309141235/tools/bin/../lib/gcc/arm-none-eabi/11.3.1/../../../../arm-none-eabi/lib/thumb/v7-m/nofp\libc_nano.a(libc_a-puts.o)
                              ./Core/Src/album/fattester.o (puts)
D:/App/STM32CubeIDE_1.13.1/STM32CubeIDE/plugins/com.st.stm32cube.ide.mcu.externaltools.gnu-tools-for-stm32.11.3.rel1.win32_1.1.100.202309141235/tools/bin/../lib/gcc/arm-none-eabi/11.3.1/../../../../arm-none-eabi/lib/thumb/v7-m/nofp\libc_nano.a(libc_a-stdio.o)
                              D:/App/STM32CubeIDE_1.13.1/STM32CubeIDE/plugins/com.st.stm32cube.ide.mcu.externaltools.gnu-tools-for-stm32.11.3.rel1.win32_1.1.100.202309141235/tools/bin/../lib/gcc/arm-none-eabi/11.3.1/../../../../arm-none-eabi/lib/thumb/v7-m/nofp\libc_nano.a(libc_a-findfp.o) (__sread)
D:/App/STM32CubeIDE_1.13.1/STM32CubeIDE/plugins/com.st.stm32cube.ide.mcu.externaltools.gnu-tools-for-stm32.11.3.rel1.win32_1.1.100.202309141235/tools/bin/../lib/gcc/arm-none-eabi/11.3.1/../../../../arm-none-eabi/lib/thumb/v7-m/nofp\libc_nano.a(libc_a-wbuf.o)
                              D:/App/STM32CubeIDE_1.13.1/STM32CubeIDE/plugins/com.st.stm32cube.ide.mcu.externaltools.gnu-tools-for-stm32.11.3.rel1.win32_1.1.100.202309141235/tools/bin/../lib/gcc/arm-none-eabi/11.3.1/../../../../arm-none-eabi/lib/thumb/v7-m/nofp\libc_nano.a(libc_a-puts.o) (__swbuf_r)
D:/App/STM32CubeIDE_1.13.1/STM32CubeIDE/plugins/com.st.stm32cube.ide.mcu.externaltools.gnu-tools-for-stm32.11.3.rel1.win32_1.1.100.202309141235/tools/bin/../lib/gcc/arm-none-eabi/11.3.1/../../../../arm-none-eabi/lib/thumb/v7-m/nofp\libc_nano.a(libc_a-wsetup.o)
                              D:/App/STM32CubeIDE_1.13.1/STM32CubeIDE/plugins/com.st.stm32cube.ide.mcu.externaltools.gnu-tools-for-stm32.11.3.rel1.win32_1.1.100.202309141235/tools/bin/../lib/gcc/arm-none-eabi/11.3.1/../../../../arm-none-eabi/lib/thumb/v7-m/nofp\libc_nano.a(libc_a-puts.o) (__swsetup_r)
D:/App/STM32CubeIDE_1.13.1/STM32CubeIDE/plugins/com.st.stm32cube.ide.mcu.externaltools.gnu-tools-for-stm32.11.3.rel1.win32_1.1.100.202309141235/tools/bin/../lib/gcc/arm-none-eabi/11.3.1/../../../../arm-none-eabi/lib/thumb/v7-m/nofp\libc_nano.a(libc_a-memset.o)
                              D:/App/STM32CubeIDE_1.13.1/STM32CubeIDE/plugins/com.st.stm32cube.ide.mcu.externaltools.gnu-tools-for-stm32.11.3.rel1.win32_1.1.100.202309141235/tools/bin/../lib/gcc/arm-none-eabi/11.3.1/../../../../arm-none-eabi/lib/thumb/v7-m/nofp/crt0.o (memset)
[...]
Memory Configuration

Name             Origin             Length             Attributes
RAM              0x0000000020000000 0x000000000000c000 xrw
FLASH            0x0000000008000000 0x0000000000040000 xr
*default*        0x0000000000000000 0xffffffffffffffff

Linker script and memory map

LOAD D:/App/STM32CubeIDE_1.13.1/STM32CubeIDE/plugins/com.st.stm32cube.ide.mcu.externaltools.gnu-tools-for-stm32.11.3.rel1.win32_1.1.100.202309141235/tools/bin/../lib/gcc/arm-none-eabi/11.3.1/thumb/v7-m/nofp/crti.o
LOAD D:/App/STM32CubeIDE_1.13.1/STM32CubeIDE/plugins/com.st.stm32cube.ide.mcu.externaltools.gnu-tools-for-stm32.11.3.rel1.win32_1.1.100.202309141235/tools/bin/../lib/gcc/arm-none-eabi/11.3.1/thumb/v7-m/nofp/crtbegin.o
LOAD D:/App/STM32CubeIDE_1.13.1/STM32CubeIDE/plugins/com.st.stm32cube.ide.mcu.externaltools.gnu-tools-for-stm32.11.3.rel1.win32_1.1.100.202309141235/tools/bin/../lib/gcc/arm-none-eabi/11.3.1/../../../../arm-none-eabi/lib/thumb/v7-m/nofp/crt0.o
LOAD ./Core/Src/album/exfuns.o
LOAD ./Core/Src/album/fattester.o
LOAD ./Core/Src/album/malloc.o
LOAD ./Core/Src/album/mmc_sd.o
LOAD ./Core/Src/album/piclib.o
LOAD ./Core/Src/album/remote.o
LOAD ./Core/Src/album/sys.o
LOAD ./Core/Src/album/tjpgd.o
LOAD ./Core/Src/album/w25qxx.o
LOAD ./Core/Src/gpio.o
LOAD ./Core/Src/lcd.o
LOAD ./Core/Src/main.o
LOAD ./Core/Src/spi.o
LOAD ./Core/Src/stm32f1xx_hal_msp.o
LOAD ./Core/Src/stm32f1xx_it.o
LOAD ./Core/Src/syscalls.o
LOAD ./Core/Src/sysmem.o
LOAD ./Core/Src/system_stm32f1xx.o
LOAD ./Core/Src/tim.o
LOAD ./Core/Src/usart.o
LOAD ./Core/Startup/startup_stm32f103rctx.o
LOAD ./Drivers/STM32F1xx_HAL_Driver/Src/stm32f1xx_hal.o
LOAD ./Drivers/STM32F1xx_HAL_Driver/Src/stm32f1xx_hal_cortex.o
LOAD ./Drivers/STM32F1xx_HAL_Driver/Src/stm32f1xx_hal_dma.o
LOAD ./Drivers/STM32F1xx_HAL_Driver/Src/stm32f1xx_hal_exti.o
LOAD ./Drivers/STM32F1xx_HAL_Driver/Src/stm32f1xx_hal_flash.o
LOAD ./Drivers/STM32F1xx_HAL_Driver/Src/stm32f1xx_hal_flash_ex.o
LOAD ./Drivers/STM32F1xx_HAL_Driver/Src/stm32f1xx_hal_gpio.o
LOAD ./Drivers/STM32F1xx_HAL_Driver/Src/stm32f1xx_hal_gpio_ex.o
LOAD ./Drivers/STM32F1xx_HAL_Driver/Src/stm32f1xx_hal_pwr.o
LOAD ./Drivers/STM32F1xx_HAL_Driver/Src/stm32f1xx_hal_rcc.o
LOAD ./Drivers/STM32F1xx_HAL_Driver/Src/stm32f1xx_hal_rcc_ex.o
LOAD ./Drivers/STM32F1xx_HAL_Driver/Src/stm32f1xx_hal_spi.o
LOAD ./Drivers/STM32F1xx_HAL_Driver/Src/stm32f1xx_hal_tim.o
LOAD ./Drivers/STM32F1xx_HAL_Driver/Src/stm32f1xx_hal_tim_ex.o
LOAD ./Drivers/STM32F1xx_HAL_Driver/Src/stm32f1xx_hal_uart.o
LOAD ./FATFS/App/fatfs.o
LOAD ./FATFS/Target/user_diskio.o
LOAD ./Middlewares/Third_Party/FatFs/src/diskio.o
LOAD ./Middlewares/Third_Party/FatFs/src/ff.o
LOAD ./Middlewares/Third_Party/FatFs/src/ff_gen_drv.o
LOAD ./Middlewares/Third_Party/FatFs/src/option/syscall.o
START GROUP
LOAD D:/App/STM32CubeIDE_1.13.1/STM32CubeIDE/plugins/com.st.stm32cube.ide.mcu.externaltools.gnu-tools-for-stm32.11.3.rel1.win32_1.1.100.202309141235/tools/bin/../lib/gcc/arm-none-eabi/11.3.1/../../../../arm-none-eabi/lib/thumb/v7-m/nofp\libc_nano.a
LOAD D:/App/STM32CubeIDE_1.13.1/STM32CubeIDE/plugins/com.st.stm32cube.ide.mcu.externaltools.gnu-tools-for-stm32.11.3.rel1.win32_1.1.100.202309141235/tools/bin/../lib/gcc/arm-none-eabi/11.3.1/../../../../arm-none-eabi/lib/thumb/v7-m/nofp\libm.a
END GROUP
START GROUP
LOAD D:/App/STM32CubeIDE_1.13.1/STM32CubeIDE/plugins/com.st.stm32cube.ide.mcu.externaltools.gnu-tools-for-stm32.11.3.rel1.win32_1.1.100.202309141235/tools/bin/../lib/gcc/arm-none-eabi/11.3.1/thumb/v7-m/nofp\libgcc.a
LOAD D:/App/STM32CubeIDE_1.13.1/STM32CubeIDE/plugins/com.st.stm32cube.ide.mcu.externaltools.gnu-tools-for-stm32.11.3.rel1.win32_1.1.100.202309141235/tools/bin/../lib/gcc/arm-none-eabi/11.3.1/../../../../arm-none-eabi/lib/thumb/v7-m/nofp\libc_nano.a
END GROUP
START GROUP
LOAD D:/App/STM32CubeIDE_1.13.1/STM32CubeIDE/plugins/com.st.stm32cube.ide.mcu.externaltools.gnu-tools-for-stm32.11.3.rel1.win32_1.1.100.202309141235/tools/bin/../lib/gcc/arm-none-eabi/11.3.1/thumb/v7-m/nofp\libgcc.a
LOAD D:/App/STM32CubeIDE_1.13.1/STM32CubeIDE/plugins/com.st.stm32cube.ide.mcu.externaltools.gnu-tools-for-stm32.11.3.rel1.win32_1.1.100.202309141235/tools/bin/../lib/gcc/arm-none-eabi/11.3.1/../../../../arm-none-eabi/lib/thumb/v7-m/nofp\libc_nano.a
LOAD D:/App/STM32CubeIDE_1.13.1/STM32CubeIDE/plugins/com.st.stm32cube.ide.mcu.externaltools.gnu-tools-for-stm32.11.3.rel1.win32_1.1.100.202309141235/tools/bin/../lib/gcc/arm-none-eabi/11.3.1/../../../../arm-none-eabi/lib/thumb/v7-m/nofp\libnosys.a
END GROUP
START GROUP
LOAD D:/App/STM32CubeIDE_1.13.1/STM32CubeIDE/plugins/com.st.stm32cube.ide.mcu.externaltools.gnu-tools-for-stm32.11.3.rel1.win32_1.1.100.202309141235/tools/bin/../lib/gcc/arm-none-eabi/11.3.1/thumb/v7-m/nofp\libgcc.a
LOAD D:/App/STM32CubeIDE_1.13.1/STM32CubeIDE/plugins/com.st.stm32cube.ide.mcu.externaltools.gnu-tools-for-stm32.11.3.rel1.win32_1.1.100.202309141235/tools/bin/../lib/gcc/arm-none-eabi/11.3.1/../../../../arm-none-eabi/lib/thumb/v7-m/nofp\libc_nano.a
LOAD D:/App/STM32CubeIDE_1.13.1/STM32CubeIDE/plugins/com.st.stm32cube.ide.mcu.externaltools.gnu-tools-for-stm32.11.3.rel1.win32_1.1.100.202309141235/tools/bin/../lib/gcc/arm-none-eabi/11.3.1/../../../../arm-none-eabi/lib/thumb/v7-m/nofp\libnosys.a
END GROUP
LOAD D:/App/STM32CubeIDE_1.13.1/STM32CubeIDE/plugins/com.st.stm32cube.ide.mcu.externaltools.gnu-tools-for-stm32.11.3.rel1.win32_1.1.100.202309141235/tools/bin/../lib/gcc/arm-none-eabi/11.3.1/thumb/v7-m/nofp/crtend.o
LOAD D:/App/STM32CubeIDE_1.13.1/STM32CubeIDE/plugins/com.st.stm32cube.ide.mcu.externaltools.gnu-tools-for-stm32.11.3.rel1.win32_1.1.100.202309141235/tools/bin/../lib/gcc/arm-none-eabi/11.3.1/thumb/v7-m/nofp/crtn.o
                0x000000002000c000                _estack = (ORIGIN (RAM) + LENGTH (RAM))
                0x0000000000000200                _Min_Heap_Size = 0x200
                0x0000000000000400                _Min_Stack_Size = 0x400

.isr_vector     0x0000000008000000      0x1e4
                0x0000000008000000                . = ALIGN (0x4)
 *(.isr_vector)
 .isr_vector    0x0000000008000000      0x1e4 ./Core/Startup/startup_stm32f103rctx.o
                0x0000000008000000                g_pfnVectors
                0x00000000080001e4                . = ALIGN (0x4)

.text           0x00000000080001e8    0x10d68
                0x00000000080001e8                . = ALIGN (0x4)
 *(.text)
 .text          0x00000000080001e8       0x40 D:/App/STM32CubeIDE_1.13.1/STM32CubeIDE/plugins/com.st.stm32cube.ide.mcu.externaltools.gnu-tools-for-stm32.11.3.rel1.win32_1.1.100.202309141235/tools/bin/../lib/gcc/arm-none-eabi/11.3.1/thumb/v7-m/nofp/crtbegin.o
 .text          0x0000000008000228       0x14 D:/App/STM32CubeIDE_1.13.1/STM32CubeIDE/plugins/com.st.stm32cube.ide.mcu.externaltools.gnu-tools-for-stm32.11.3.rel1.win32_1.1.100.202309141235/tools/bin/../lib/gcc/arm-none-eabi/11.3.1/../../../../arm-none-eabi/lib/thumb/v7-m/nofp\libc_nano.a(libc_a-strcmp.o)
                0x0000000008000228                strcmp
 .text          0x000000000800023c       0x10 D:/App/STM32CubeIDE_1.13.1/STM32CubeIDE/plugins/com.st.stm32cube.ide.mcu.externaltools.gnu-tools-for-stm32.11.3.rel1.win32_1.1.100.202309141235/tools/bin/../lib/gcc/arm-none-eabi/11.3.1/../../../../arm-none-eabi/lib/thumb/v7-m/nofp\libc_nano.a(libc_a-strlen.o)
                0x000000000800023c                strlen
 .text          0x000000000800024c      0x254 D:/App/STM32CubeIDE_1.13.1/STM32CubeIDE/plugins/com.st.stm32cube.ide.mcu.externaltools.gnu-tools-for-stm32.11.3.rel1.win32_1.1.100.202309141235/tools/bin/../lib/gcc/arm-none-eabi/11.3.1/thumb/v7-m/nofp\libgcc.a(_arm_muldf3.o)
                0x000000000800024c                __muldf3
                0x000000000800024c                __aeabi_dmul
 .text          0x00000000080004a0      0x378 D:/App/STM32CubeIDE_1.13.1/STM32CubeIDE/plugins/com.st.stm32cube.ide.mcu.externaltools.gnu-tools-for-stm32.11.3.rel1.win32_1.1.100.202309141235/tools/bin/../lib/gcc/arm-none-eabi/11.3.1/thumb/v7-m/nofp\libgcc.a(_arm_addsubdf3.o)
                0x00000000080004a0                __aeabi_drsub
                0x00000000080004a8                __aeabi_dsub
                0x00000000080004a8                __subdf3
                0x00000000080004ac                __aeabi_dadd
                0x00000000080004ac                __adddf3
                0x0000000008000724                __floatunsidf
                0x0000000008000724                __aeabi_ui2d
                0x0000000008000744                __floatsidf
                0x0000000008000744                __aeabi_i2d
                0x0000000008000768                __aeabi_f2d
                0x0000000008000768                __extendsfdf2
                0x00000000080007ac                __floatundidf
                0x00000000080007ac                __aeabi_ul2d
                0x00000000080007bc                __floatdidf
                0x00000000080007bc                __aeabi_l2d
 .text          0x0000000008000818       0x50 D:/App/STM32CubeIDE_1.13.1/STM32CubeIDE/plugins/com.st.stm32cube.ide.mcu.externaltools.gnu-tools-for-stm32.11.3.rel1.win32_1.1.100.202309141235/tools/bin/../lib/gcc/arm-none-eabi/11.3.1/thumb/v7-m/nofp\libgcc.a(_arm_fixdfsi.o)
                0x0000000008000818                __aeabi_d2iz
                0x0000000008000818                __fixdfsi
 .text          0x0000000008000868       0x40 D:/App/STM32CubeIDE_1.13.1/STM32CubeIDE/plugins/com.st.stm32cube.ide.mcu.externaltools.gnu-tools-for-stm32.11.3.rel1.win32_1.1.100.202309141235/tools/bin/../lib/gcc/arm-none-eabi/11.3.1/thumb/v7-m/nofp\libgcc.a(_arm_fixunsdfsi.o)
                0x0000000008000868                __aeabi_d2uiz
                0x0000000008000868                __fixunsdfsi
 .text          0x00000000080008a8      0x21c D:/App/STM32CubeIDE_1.13.1/STM32CubeIDE/plugins/com.st.stm32cube.ide.mcu.externaltools.gnu-tools-for-stm32.11.3.rel1.win32_1.1.100.202309141235/tools/bin/../lib/gcc/arm-none-eabi/11.3.1/thumb/v7-m/nofp\libgcc.a(_arm_addsubsf3.o)
                0x00000000080008a8                __aeabi_frsub
                0x00000000080008b0                __subsf3
                0x00000000080008b0                __aeabi_fsub
                0x00000000080008b4                __aeabi_fadd
                0x00000000080008b4                __addsf3
                0x0000000008000a14                __aeabi_ui2f
                0x0000000008000a14                __floatunsisf
                0x0000000008000a1c                __aeabi_i2f
                0x0000000008000a1c                __floatsisf
                0x0000000008000a38                __aeabi_ul2f
                0x0000000008000a38                __floatundisf
                0x0000000008000a48                __aeabi_l2f
                0x0000000008000a48                __floatdisf
 .text          0x0000000008000ac4      0x2a0 D:/App/STM32CubeIDE_1.13.1/STM32CubeIDE/plugins/com.st.stm32cube.ide.mcu.externaltools.gnu-tools-for-stm32.11.3.rel1.win32_1.1.100.202309141235/tools/bin/../lib/gcc/arm-none-eabi/11.3.1/thumb/v7-m/nofp\libgcc.a(_arm_muldivsf3.o)
                0x0000000008000ac4                __mulsf3
                0x0000000008000ac4                __aeabi_fmul
                0x0000000008000c2c                __aeabi_fdiv
                0x0000000008000c2c                __divsf3
 .text          0x0000000008000d64       0xec D:/App/STM32CubeIDE_1.13.1/STM32CubeIDE/plugins/com.st.stm32cube.ide.mcu.externaltools.gnu-tools-for-stm32.11.3.rel1.win32_1.1.100.202309141235/tools/bin/../lib/gcc/arm-none-eabi/11.3.1/thumb/v7-m/nofp\libgcc.a(_arm_cmpsf2.o)
                0x0000000008000d64                __gesf2
                0x0000000008000d64                __gtsf2
                0x0000000008000d6c                __lesf2
                0x0000000008000d6c                __ltsf2
                0x0000000008000d74                __nesf2
                0x0000000008000d74                __eqsf2
                0x0000000008000d74                __cmpsf2
                0x0000000008000dd4                __aeabi_cfrcmple
                0x0000000008000ddc                __aeabi_cfcmpeq
                0x0000000008000ddc                __aeabi_cfcmple
                0x0000000008000dec                __aeabi_fcmpeq
                0x0000000008000e00                __aeabi_fcmplt
                0x0000000008000e14                __aeabi_fcmple
                0x0000000008000e28                __aeabi_fcmpge
                0x0000000008000e3c                __aeabi_fcmpgt
 .text          0x0000000008000e50       0x40 D:/App/STM32CubeIDE_1.13.1/STM32CubeIDE/plugins/com.st.stm32cube.ide.mcu.externaltools.gnu-tools-for-stm32.11.3.rel1.win32_1.1.100.202309141235/tools/bin/../lib/gcc/arm-none-eabi/11.3.1/thumb/v7-m/nofp\libgcc.a(_arm_fixunssfsi.o)
                0x0000000008000e50                __fixunssfsi
                0x0000000008000e50                __aeabi_f2uiz
 *(.text*)
 .text.exfuns_init
                0x0000000008000e90       0xa0 ./Core/Src/album/exfuns.o
                0x0000000008000e90                exfuns_init
 .text.char_upper
                0x0000000008000f30       0x2e ./Core/Src/album/exfuns.o
                0x0000000008000f30                char_upper
 *fill*         0x0000000008000f5e        0x2 
 .text.f_typetell
                0x0000000008000f60      0x120 ./Core/Src/album/exfuns.o
                0x0000000008000f60                f_typetell
 .text.mf_scan_files
                0x0000000008001080       0xa8 ./Core/Src/album/fattester.o
                0x0000000008001080                mf_scan_files
 .text.mymemset
                0x0000000008001128       0x34 ./Core/Src/album/malloc.o
                0x0000000008001128                mymemset
 .text.mem_init
                0x000000000800115c       0x34 ./Core/Src/album/malloc.o
                0x000000000800115c                mem_init
 .text.mem_perused
                0x0000000008001190       0x58 ./Core/Src/album/malloc.o
                0x0000000008001190                mem_perused
 .text.mem_malloc
                0x00000000080011e8       0xc8 ./Core/Src/album/malloc.o
                0x00000000080011e8                mem_malloc
 .text.mem_free
                0x00000000080012b0       0x74 ./Core/Src/album/malloc.o
                0x00000000080012b0                mem_free
 .text.myfree   0x0000000008001324       0x2c ./Core/Src/album/malloc.o
                0x0000000008001324                myfree
 .text.mymalloc
                0x0000000008001350       0x34 ./Core/Src/album/malloc.o
                0x0000000008001350                mymalloc
 .text.SD_SPI_ReadWriteByte
                0x0000000008001384       0x1c ./Core/Src/album/mmc_sd.o
                0x0000000008001384                SD_SPI_ReadWriteByte
 .text.SD_SPI_SpeedLow
                0x00000000080013a0        0xe ./Core/Src/album/mmc_sd.o
                0x00000000080013a0                SD_SPI_SpeedLow
 .text.SD_SPI_SpeedHigh
                0x00000000080013ae        0xe ./Core/Src/album/mmc_sd.o
                0x00000000080013ae                SD_SPI_SpeedHigh
 .text.SD_SPI_Init
                0x00000000080013bc       0x78 ./Core/Src/album/mmc_sd.o
                0x00000000080013bc                SD_SPI_Init
 .text.SD_DisSelect
                0x0000000008001434       0x18 ./Core/Src/album/mmc_sd.o
                0x0000000008001434                SD_DisSelect
 .text.SD_Select
                0x000000000800144c       0x28 ./Core/Src/album/mmc_sd.o
                0x000000000800144c                SD_Select
 .text.SD_WaitReady
                0x0000000008001474       0x34 ./Core/Src/album/mmc_sd.o
                0x0000000008001474                SD_WaitReady
 .text.SD_GetResponse
                0x00000000080014a8       0x42 ./Core/Src/album/mmc_sd.o
                0x00000000080014a8                SD_GetResponse
 .text.SD_RecvData
                0x00000000080014ea       0x50 ./Core/Src/album/mmc_sd.o
                0x00000000080014ea                SD_RecvData
 .text.SD_SendBlock
                0x000000000800153a       0x78 ./Core/Src/album/mmc_sd.o
                0x000000000800153a                SD_SendBlock
 .text.SD_SendCmd
                0x00000000080015b2       0xa0 ./Core/Src/album/mmc_sd.o
                0x00000000080015b2                SD_SendCmd
 .text.SD_GetCSD
                0x0000000008001652       0x40 ./Core/Src/album/mmc_sd.o
                0x0000000008001652                SD_GetCSD
 .text.SD_GetSectorCount
                0x0000000008001692       0xa2 ./Core/Src/album/mmc_sd.o
                0x0000000008001692                SD_GetSectorCount
 .text.SD_Init  0x0000000008001734      0x1f0 ./Core/Src/album/mmc_sd.o
                0x0000000008001734                SD_Init
 .text.SD_ReadDisk
                0x0000000008001924       0x98 ./Core/Src/album/mmc_sd.o
                0x0000000008001924                SD_ReadDisk
 .text.SD_WriteDisk
                0x00000000080019bc       0xbc ./Core/Src/album/mmc_sd.o
                0x00000000080019bc                SD_WriteDisk
 .text.piclib_draw_hline
                0x0000000008001a78       0x64 ./Core/Src/album/piclib.o
                0x0000000008001a78                piclib_draw_hline
 .text.piclib_fill_color
                0x0000000008001adc       0x4e ./Core/Src/album/piclib.o
                0x0000000008001adc                piclib_fill_color
 *fill*         0x0000000008001b2a        0x2 
 .text.piclib_init
                0x0000000008001b2c       0x90 ./Core/Src/album/piclib.o
                0x0000000008001b2c                piclib_init
 .text.ai_draw_init
                0x0000000008001bbc      0x160 ./Core/Src/album/piclib.o
                0x0000000008001bbc                ai_draw_init
 .text.is_element_ok
                0x0000000008001d1c       0x4c ./Core/Src/album/piclib.o
                0x0000000008001d1c                is_element_ok
 .text.ai_load_picfile
                0x0000000008001d68       0xdc ./Core/Src/album/piclib.o
                0x0000000008001d68                ai_load_picfile
 .text.pic_memalloc
                0x0000000008001e44       0x18 ./Core/Src/album/piclib.o
                0x0000000008001e44                pic_memalloc
 .text.pic_memfree
                0x0000000008001e5c       0x16 ./Core/Src/album/piclib.o
                0x0000000008001e5c                pic_memfree
 *fill*         0x0000000008001e72        0x2 
 .text.Remote_Init
                0x0000000008001e74       0x70 ./Core/Src/album/remote.o
                0x0000000008001e74                Remote_Init
 .text.HAL_TIM_PeriodElapsedCallback
                0x0000000008001ee4       0x8c ./Core/Src/album/remote.o
                0x0000000008001ee4                HAL_TIM_PeriodElapsedCallback
 .text.HAL_TIM_IC_CaptureCallback
                0x0000000008001f70      0x17c ./Core/Src/album/remote.o
                0x0000000008001f70                HAL_TIM_IC_CaptureCallback
 .text.Remote_Scan
                0x00000000080020ec       0x94 ./Core/Src/album/remote.o
                0x00000000080020ec                Remote_Scan
 .text.alloc_pool
                0x0000000008002180       0x4a ./Core/Src/album/tjpgd.o
 *fill*         0x00000000080021ca        0x2 
 .text.create_qt_tbl
                0x00000000080021cc       0xb8 ./Core/Src/album/tjpgd.o
 .text.create_huffman_tbl
                0x0000000008002284      0x1ac ./Core/Src/album/tjpgd.o
 .text.bitext   0x0000000008002430       0xe4 ./Core/Src/album/tjpgd.o
 .text.huffext  0x0000000008002514      0x13c ./Core/Src/album/tjpgd.o
 .text.block_idct
                0x0000000008002650      0x384 ./Core/Src/album/tjpgd.o
 .text.mcu_load
                0x00000000080029d4      0x288 ./Core/Src/album/tjpgd.o
 *fill*         0x0000000008002c5c        0x4 
 .text.mcu_output
                0x0000000008002c60      0x6b4 ./Core/Src/album/tjpgd.o
 .text.restart  0x0000000008003314       0xcc ./Core/Src/album/tjpgd.o
 .text.jd_prepare
                0x00000000080033e0      0x544 ./Core/Src/album/tjpgd.o
                0x00000000080033e0                jd_prepare
 .text.jd_decomp
                0x0000000008003924       0xf2 ./Core/Src/album/tjpgd.o
                0x0000000008003924                jd_decomp
 *fill*         0x0000000008003a16        0x2 
 .text.jpeg_mallocall
                0x0000000008003a18       0x64 ./Core/Src/album/tjpgd.o
                0x0000000008003a18                jpeg_mallocall
 .text.jpeg_freeall
                0x0000000008003a7c       0x34 ./Core/Src/album/tjpgd.o
                0x0000000008003a7c                jpeg_freeall
 .text.jpeg_in_func
                0x0000000008003ab0       0x50 ./Core/Src/album/tjpgd.o
                0x0000000008003ab0                jpeg_in_func
 .text.jpeg_out_func_fill
                0x0000000008003b00       0x70 ./Core/Src/album/tjpgd.o
                0x0000000008003b00                jpeg_out_func_fill
 .text.jpeg_out_func_point
                0x0000000008003b70      0x100 ./Core/Src/album/tjpgd.o
                0x0000000008003b70                jpeg_out_func_point
 .text.jpg_decode
                0x0000000008003c70      0x148 ./Core/Src/album/tjpgd.o
                0x0000000008003c70                jpg_decode
 .text.W25QXX_Init
                0x0000000008003db8       0xa0 ./Core/Src/album/w25qxx.o
                0x0000000008003db8                W25QXX_Init
 .text.W25QXX_ReadSR
                0x0000000008003e58       0x6c ./Core/Src/album/w25qxx.o
                0x0000000008003e58                W25QXX_ReadSR
 .text.W25QXX_Write_Enable
                0x0000000008003ec4       0x20 ./Core/Src/album/w25qxx.o
                0x0000000008003ec4                W25QXX_Write_Enable
 .text.W25QXX_ReadID
                0x0000000008003ee4       0x64 ./Core/Src/album/w25qxx.o
                0x0000000008003ee4                W25QXX_ReadID
 .text.W25QXX_Read
                0x0000000008003f48       0x90 ./Core/Src/album/w25qxx.o
                0x0000000008003f48                W25QXX_Read
 .text.W25QXX_Write_Page
                0x0000000008003fd8       0x94 ./Core/Src/album/w25qxx.o
                0x0000000008003fd8                W25QXX_Write_Page
 .text.W25QXX_Write_NoCheck
                0x000000000800406c       0x74 ./Core/Src/album/w25qxx.o
                0x000000000800406c                W25QXX_Write_NoCheck
 .text.W25QXX_Write
                0x00000000080040e0      0x114 ./Core/Src/album/w25qxx.o
                0x00000000080040e0                W25QXX_Write
 .text.W25QXX_Erase_Sector
                0x00000000080041f4       0x78 ./Core/Src/album/w25qxx.o
                0x00000000080041f4                W25QXX_Erase_Sector
 .text.W25QXX_Wait_Busy
                0x000000000800426c       0x1c ./Core/Src/album/w25qxx.o
                0x000000000800426c                W25QXX_Wait_Busy
 .text.MX_GPIO_Init
                0x0000000008004288       0x44 ./Core/Src/gpio.o
                0x0000000008004288                MX_GPIO_Init
 .text.LCD_WR_REG
                0x00000000080042cc       0x48 ./Core/Src/lcd.o
                0x00000000080042cc                LCD_WR_REG
 .text.LCD_WR_DATAX
                0x0000000008004314       0x48 ./Core/Src/lcd.o
                0x0000000008004314                LCD_WR_DATAX
 .text.LCD_RD_DATA
                0x000000000800435c       0x88 ./Core/Src/lcd.o
                0x000000000800435c                LCD_RD_DATA
 .text.LCD_WriteReg
                0x00000000080043e4       0x54 ./Core/Src/lcd.o
                0x00000000080043e4                LCD_WriteReg
 .text.LCD_ReadReg
                0x0000000008004438       0x20 ./Core/Src/lcd.o
                0x0000000008004438                LCD_ReadReg
 .text.LCD_WriteRAM_Prepare
                0x0000000008004458       0x18 ./Core/Src/lcd.o
                0x0000000008004458                LCD_WriteRAM_Prepare
 .text.LCD_BGR2RGB
                0x0000000008004470       0x46 ./Core/Src/lcd.o
                0x0000000008004470                LCD_BGR2RGB
 .text.opt_delay
                0x00000000080044b6       0x22 ./Core/Src/lcd.o
                0x00000000080044b6                opt_delay
 .text.LCD_ReadPoint
                0x00000000080044d8      0x244 ./Core/Src/lcd.o
                0x00000000080044d8                LCD_ReadPoint
 .text.LCD_SetCursor
                0x000000000800471c      0x598 ./Core/Src/lcd.o
                0x000000000800471c                LCD_SetCursor
 .text.LCD_Scan_Dir
                0x0000000008004cb4      0x624 ./Core/Src/lcd.o
                0x0000000008004cb4                LCD_Scan_Dir
 .text.LCD_Fast_DrawPoint
                0x00000000080052d8      0x52c ./Core/Src/lcd.o
                0x00000000080052d8                LCD_Fast_DrawPoint
 *fill*         0x0000000008005804        0x4 
 .text.LCD_SSD_BackLightSet
                0x0000000008005808      0x148 ./Core/Src/lcd.o
                0x0000000008005808                LCD_SSD_BackLightSet
 .text.LCD_Display_Dir
                0x0000000008005950      0x218 ./Core/Src/lcd.o
                0x0000000008005950                LCD_Display_Dir
 .text.LCD_Init
                0x0000000008005b68     0x3e5c ./Core/Src/lcd.o
                0x0000000008005b68                LCD_Init
 .text.LCD_Clear
                0x00000000080099c4       0xc4 ./Core/Src/lcd.o
                0x00000000080099c4                LCD_Clear
 .text.LCD_Fill
                0x0000000008009a88      0x11c ./Core/Src/lcd.o
                0x0000000008009a88                LCD_Fill
 .text.LCD_Color_Fill
                0x0000000008009ba4       0xc4 ./Core/Src/lcd.o
                0x0000000008009ba4                LCD_Color_Fill
 .text.LCD_ShowChar
                0x0000000008009c68      0x15c ./Core/Src/lcd.o
                0x0000000008009c68                LCD_ShowChar
 .text.LCD_ShowString
                0x0000000008009dc4       0x9a ./Core/Src/lcd.o
                0x0000000008009dc4                LCD_ShowString
 .text.pic_get_tnum
                0x0000000008009e5e       0xb2 ./Core/Src/main.o
                0x0000000008009e5e                pic_get_tnum
 .text.main     0x0000000008009f10      0x58c ./Core/Src/main.o
                0x0000000008009f10                main
 .text.SystemClock_Config
                0x000000000800a49c       0x8a ./Core/Src/main.o
                0x000000000800a49c                SystemClock_Config
 .text.Error_Handler
                0x000000000800a526        0xa ./Core/Src/main.o
                0x000000000800a526                Error_Handler
 .text.MX_SPI1_Init
                0x000000000800a530       0x6c ./Core/Src/spi.o
                0x000000000800a530                MX_SPI1_Init
 .text.HAL_SPI_MspInit
                0x000000000800a59c       0xa4 ./Core/Src/spi.o
                0x000000000800a59c                HAL_SPI_MspInit
 .text.SPI1_SetSpeed
                0x000000000800a640       0x5c ./Core/Src/spi.o
                0x000000000800a640                SPI1_SetSpeed
 .text.SPI1_ReadWriteByte
                0x000000000800a69c       0x2c ./Core/Src/spi.o
                0x000000000800a69c                SPI1_ReadWriteByte
 .text.HAL_MspInit
                0x000000000800a6c8       0x64 ./Core/Src/stm32f1xx_hal_msp.o
                0x000000000800a6c8                HAL_MspInit
 .text.NMI_Handler
                0x000000000800a72c        0x6 ./Core/Src/stm32f1xx_it.o
                0x000000000800a72c                NMI_Handler
 .text.HardFault_Handler
                0x000000000800a732        0x6 ./Core/Src/stm32f1xx_it.o
                0x000000000800a732                HardFault_Handler
 .text.MemManage_Handler
                0x000000000800a738        0x6 ./Core/Src/stm32f1xx_it.o
                0x000000000800a738                MemManage_Handler
 .text.BusFault_Handler
                0x000000000800a73e        0x6 ./Core/Src/stm32f1xx_it.o
                0x000000000800a73e                BusFault_Handler
 .text.UsageFault_Handler
                0x000000000800a744        0x6 ./Core/Src/stm32f1xx_it.o
                0x000000000800a744                UsageFault_Handler
 .text.SVC_Handler
                0x000000000800a74a        0xc ./Core/Src/stm32f1xx_it.o
                0x000000000800a74a                SVC_Handler
 .text.DebugMon_Handler
                0x000000000800a756        0xc ./Core/Src/stm32f1xx_it.o
                0x000000000800a756                DebugMon_Handler
 .text.PendSV_Handler
                0x000000000800a762        0xc ./Core/Src/stm32f1xx_it.o
                0x000000000800a762                PendSV_Handler
 .text.SysTick_Handler
                0x000000000800a76e        0xc ./Core/Src/stm32f1xx_it.o
                0x000000000800a76e                SysTick_Handler
 *fill*         0x000000000800a77a        0x2 
 .text.SPI1_IRQHandler
                0x000000000800a77c       0x14 ./Core/Src/stm32f1xx_it.o
                0x000000000800a77c                SPI1_IRQHandler
 .text.USART1_IRQHandler
                0x000000000800a790       0x20 ./Core/Src/stm32f1xx_it.o
                0x000000000800a790                USART1_IRQHandler
 .text.TIM5_IRQHandler
                0x000000000800a7b0       0x14 ./Core/Src/stm32f1xx_it.o
                0x000000000800a7b0                TIM5_IRQHandler
 .text.HAL_UART_RxCpltCallback
                0x000000000800a7c4      0x184 ./Core/Src/stm32f1xx_it.o
                0x000000000800a7c4                HAL_UART_RxCpltCallback
 .text.SystemInit
                0x000000000800a948        0xc ./Core/Src/system_stm32f1xx.o
                0x000000000800a948                SystemInit
 .text.MX_TIM5_Init
                0x000000000800a954       0xa8 ./Core/Src/tim.o
                0x000000000800a954                MX_TIM5_Init
 .text.HAL_TIM_IC_MspInit
                0x000000000800a9fc       0x8c ./Core/Src/tim.o
                0x000000000800a9fc                HAL_TIM_IC_MspInit
 .text.MX_USART1_UART_Init
                0x000000000800aa88       0x54 ./Core/Src/usart.o
                0x000000000800aa88                MX_USART1_UART_Init
 .text.HAL_UART_MspInit
                0x000000000800aadc       0xa8 ./Core/Src/usart.o
                0x000000000800aadc                HAL_UART_MspInit
 .text.Reset_Handler
                0x000000000800ab84       0x48 ./Core/Startup/startup_stm32f103rctx.o
                0x000000000800ab84                Reset_Handler
 .text.Default_Handler
                0x000000000800abcc        0x2 ./Core/Startup/startup_stm32f103rctx.o
                0x000000000800abcc                RTC_Alarm_IRQHandler
                0x000000000800abcc                EXTI2_IRQHandler
                0x000000000800abcc                TIM8_TRG_COM_IRQHandler
                0x000000000800abcc                TIM8_CC_IRQHandler
                0x000000000800abcc                TIM1_CC_IRQHandler
                0x000000000800abcc                TIM6_IRQHandler
                0x000000000800abcc                PVD_IRQHandler
                0x000000000800abcc                SDIO_IRQHandler
                0x000000000800abcc                EXTI3_IRQHandler
                0x000000000800abcc                EXTI0_IRQHandler
                0x000000000800abcc                I2C2_EV_IRQHandler
                0x000000000800abcc                ADC1_2_IRQHandler
                0x000000000800abcc                TAMPER_IRQHandler
                0x000000000800abcc                TIM8_UP_IRQHandler
                0x000000000800abcc                DMA2_Channel2_IRQHandler
                0x000000000800abcc                DMA1_Channel4_IRQHandler
                0x000000000800abcc                USART3_IRQHandler
                0x000000000800abcc                RTC_IRQHandler
                0x000000000800abcc                DMA1_Channel7_IRQHandler
                0x000000000800abcc                CAN1_RX1_IRQHandler
                0x000000000800abcc                UART5_IRQHandler
                0x000000000800abcc                ADC3_IRQHandler
                0x000000000800abcc                TIM4_IRQHandler
                0x000000000800abcc                DMA2_Channel1_IRQHandler
                0x000000000800abcc                I2C1_EV_IRQHandler
                0x000000000800abcc                DMA1_Channel6_IRQHandler
                0x000000000800abcc                UART4_IRQHandler
                0x000000000800abcc                TIM3_IRQHandler
                0x000000000800abcc                RCC_IRQHandler
                0x000000000800abcc                TIM1_TRG_COM_IRQHandler
                0x000000000800abcc                DMA1_Channel1_IRQHandler
                0x000000000800abcc                Default_Handler
                0x000000000800abcc                EXTI15_10_IRQHandler
                0x000000000800abcc                TIM7_IRQHandler
                0x000000000800abcc                EXTI9_5_IRQHandler
                0x000000000800abcc                SPI2_IRQHandler
                0x000000000800abcc                DMA1_Channel5_IRQHandler
                0x000000000800abcc                EXTI4_IRQHandler
                0x000000000800abcc                USB_LP_CAN1_RX0_IRQHandler
                0x000000000800abcc                USB_HP_CAN1_TX_IRQHandler
                0x000000000800abcc                DMA1_Channel3_IRQHandler
                0x000000000800abcc                FSMC_IRQHandler
                0x000000000800abcc                TIM1_UP_IRQHandler
                0x000000000800abcc                WWDG_IRQHandler
                0x000000000800abcc                TIM2_IRQHandler
                0x000000000800abcc                TIM1_BRK_IRQHandler
                0x000000000800abcc                EXTI1_IRQHandler
                0x000000000800abcc                DMA2_Channel4_5_IRQHandler
                0x000000000800abcc                USART2_IRQHandler
                0x000000000800abcc                I2C2_ER_IRQHandler
                0x000000000800abcc                DMA1_Channel2_IRQHandler
                0x000000000800abcc                TIM8_BRK_IRQHandler
                0x000000000800abcc                CAN1_SCE_IRQHandler
                0x000000000800abcc                FLASH_IRQHandler
                0x000000000800abcc                SPI3_IRQHandler
                0x000000000800abcc                I2C1_ER_IRQHandler
                0x000000000800abcc                USBWakeUp_IRQHandler
                0x000000000800abcc                DMA2_Channel3_IRQHandler
 *fill*         0x000000000800abce        0x2 
 .text.HAL_Init
                0x000000000800abd0       0x2c ./Drivers/STM32F1xx_HAL_Driver/Src/stm32f1xx_hal.o
                0x000000000800abd0                HAL_Init
 .text.HAL_InitTick
                0x000000000800abfc       0x60 ./Drivers/STM32F1xx_HAL_Driver/Src/stm32f1xx_hal.o
                0x000000000800abfc                HAL_InitTick
 .text.HAL_IncTick
                0x000000000800ac5c       0x24 ./Drivers/STM32F1xx_HAL_Driver/Src/stm32f1xx_hal.o
                0x000000000800ac5c                HAL_IncTick
 .text.HAL_GetTick
                0x000000000800ac80       0x14 ./Drivers/STM32F1xx_HAL_Driver/Src/stm32f1xx_hal.o
                0x000000000800ac80                HAL_GetTick
 .text.HAL_Delay
                0x000000000800ac94       0x48 ./Drivers/STM32F1xx_HAL_Driver/Src/stm32f1xx_hal.o
                0x000000000800ac94                HAL_Delay
 .text.__NVIC_SetPriorityGrouping
                0x000000000800acdc       0x48 ./Drivers/STM32F1xx_HAL_Driver/Src/stm32f1xx_hal_cortex.o
 .text.__NVIC_GetPriorityGrouping
                0x000000000800ad24       0x1c ./Drivers/STM32F1xx_HAL_Driver/Src/stm32f1xx_hal_cortex.o
 .text.__NVIC_EnableIRQ
                0x000000000800ad40       0x38 ./Drivers/STM32F1xx_HAL_Driver/Src/stm32f1xx_hal_cortex.o
 .text.__NVIC_SetPriority
                0x000000000800ad78       0x54 ./Drivers/STM32F1xx_HAL_Driver/Src/stm32f1xx_hal_cortex.o
 .text.NVIC_EncodePriority
                0x000000000800adcc       0x64 ./Drivers/STM32F1xx_HAL_Driver/Src/stm32f1xx_hal_cortex.o
 .text.SysTick_Config
                0x000000000800ae30       0x44 ./Drivers/STM32F1xx_HAL_Driver/Src/stm32f1xx_hal_cortex.o
 .text.HAL_NVIC_SetPriorityGrouping
                0x000000000800ae74       0x16 ./Drivers/STM32F1xx_HAL_Driver/Src/stm32f1xx_hal_cortex.o
                0x000000000800ae74                HAL_NVIC_SetPriorityGrouping
 .text.HAL_NVIC_SetPriority
                0x000000000800ae8a       0x38 ./Drivers/STM32F1xx_HAL_Driver/Src/stm32f1xx_hal_cortex.o
                0x000000000800ae8a                HAL_NVIC_SetPriority
 .text.HAL_NVIC_EnableIRQ
                0x000000000800aec2       0x1c ./Drivers/STM32F1xx_HAL_Driver/Src/stm32f1xx_hal_cortex.o
                0x000000000800aec2                HAL_NVIC_EnableIRQ
 .text.HAL_SYSTICK_Config
                0x000000000800aede       0x18 ./Drivers/STM32F1xx_HAL_Driver/Src/stm32f1xx_hal_cortex.o
                0x000000000800aede                HAL_SYSTICK_Config
 .text.HAL_DMA_Abort
                0x000000000800aef6       0x76 ./Drivers/STM32F1xx_HAL_Driver/Src/stm32f1xx_hal_dma.o
                0x000000000800aef6                HAL_DMA_Abort
 .text.HAL_DMA_Abort_IT
                0x000000000800af6c      0x210 ./Drivers/STM32F1xx_HAL_Driver/Src/stm32f1xx_hal_dma.o
                0x000000000800af6c                HAL_DMA_Abort_IT
 .text.HAL_GPIO_Init
                0x000000000800b17c      0x328 ./Drivers/STM32F1xx_HAL_Driver/Src/stm32f1xx_hal_gpio.o
                0x000000000800b17c                HAL_GPIO_Init
 .text.HAL_GPIO_WritePin
                0x000000000800b4a4       0x30 ./Drivers/STM32F1xx_HAL_Driver/Src/stm32f1xx_hal_gpio.o
                0x000000000800b4a4                HAL_GPIO_WritePin
 .text.HAL_RCC_OscConfig
                0x000000000800b4d4      0x504 ./Drivers/STM32F1xx_HAL_Driver/Src/stm32f1xx_hal_rcc.o
                0x000000000800b4d4                HAL_RCC_OscConfig
 .text.HAL_RCC_ClockConfig
                0x000000000800b9d8      0x1d4 ./Drivers/STM32F1xx_HAL_Driver/Src/stm32f1xx_hal_rcc.o
                0x000000000800b9d8                HAL_RCC_ClockConfig
 .text.HAL_RCC_GetSysClockFreq
                0x000000000800bbac       0xa8 ./Drivers/STM32F1xx_HAL_Driver/Src/stm32f1xx_hal_rcc.o
                0x000000000800bbac                HAL_RCC_GetSysClockFreq
 .text.HAL_RCC_GetHCLKFreq
                0x000000000800bc54       0x14 ./Drivers/STM32F1xx_HAL_Driver/Src/stm32f1xx_hal_rcc.o
                0x000000000800bc54                HAL_RCC_GetHCLKFreq
 .text.HAL_RCC_GetPCLK1Freq
                0x000000000800bc68       0x28 ./Drivers/STM32F1xx_HAL_Driver/Src/stm32f1xx_hal_rcc.o
                0x000000000800bc68                HAL_RCC_GetPCLK1Freq
 .text.HAL_RCC_GetPCLK2Freq
                0x000000000800bc90       0x28 ./Drivers/STM32F1xx_HAL_Driver/Src/stm32f1xx_hal_rcc.o
                0x000000000800bc90                HAL_RCC_GetPCLK2Freq
 .text.RCC_Delay
                0x000000000800bcb8       0x3c ./Drivers/STM32F1xx_HAL_Driver/Src/stm32f1xx_hal_rcc.o
 .text.HAL_SPI_Init
                0x000000000800bcf4      0x108 ./Drivers/STM32F1xx_HAL_Driver/Src/stm32f1xx_hal_spi.o
                0x000000000800bcf4                HAL_SPI_Init
 .text.HAL_SPI_TransmitReceive
                0x000000000800bdfc      0x360 ./Drivers/STM32F1xx_HAL_Driver/Src/stm32f1xx_hal_spi.o
                0x000000000800bdfc                HAL_SPI_TransmitReceive
 .text.HAL_SPI_IRQHandler
                0x000000000800c15c      0x1bc ./Drivers/STM32F1xx_HAL_Driver/Src/stm32f1xx_hal_spi.o
                0x000000000800c15c                HAL_SPI_IRQHandler
 .text.HAL_SPI_ErrorCallback
                0x000000000800c318       0x12 ./Drivers/STM32F1xx_HAL_Driver/Src/stm32f1xx_hal_spi.o
                0x000000000800c318                HAL_SPI_ErrorCallback
 .text.SPI_DMAAbortOnError
                0x000000000800c32a       0x28 ./Drivers/STM32F1xx_HAL_Driver/Src/stm32f1xx_hal_spi.o
 *fill*         0x000000000800c352        0x2 
 .text.SPI_WaitFlagStateUntilTimeout
                0x000000000800c354      0x110 ./Drivers/STM32F1xx_HAL_Driver/Src/stm32f1xx_hal_spi.o
 .text.SPI_EndRxTxTransaction
                0x000000000800c464       0x3c ./Drivers/STM32F1xx_HAL_Driver/Src/stm32f1xx_hal_spi.o
 .text.HAL_TIM_IC_Init
                0x000000000800c4a0       0x9e ./Drivers/STM32F1xx_HAL_Driver/Src/stm32f1xx_hal_tim.o
                0x000000000800c4a0                HAL_TIM_IC_Init
 *fill*         0x000000000800c53e        0x2 
 .text.HAL_TIM_IC_Start_IT
                0x000000000800c540      0x234 ./Drivers/STM32F1xx_HAL_Driver/Src/stm32f1xx_hal_tim.o
                0x000000000800c540                HAL_TIM_IC_Start_IT
 .text.HAL_TIM_IRQHandler
                0x000000000800c774      0x210 ./Drivers/STM32F1xx_HAL_Driver/Src/stm32f1xx_hal_tim.o
                0x000000000800c774                HAL_TIM_IRQHandler
 .text.HAL_TIM_IC_ConfigChannel
                0x000000000800c984      0x138 ./Drivers/STM32F1xx_HAL_Driver/Src/stm32f1xx_hal_tim.o
                0x000000000800c984                HAL_TIM_IC_ConfigChannel
 .text.HAL_TIM_ReadCapturedValue
                0x000000000800cabc       0x88 ./Drivers/STM32F1xx_HAL_Driver/Src/stm32f1xx_hal_tim.o
                0x000000000800cabc                HAL_TIM_ReadCapturedValue
 .text.HAL_TIM_OC_DelayElapsedCallback
                0x000000000800cb44       0x12 ./Drivers/STM32F1xx_HAL_Driver/Src/stm32f1xx_hal_tim.o
                0x000000000800cb44                HAL_TIM_OC_DelayElapsedCallback
 .text.HAL_TIM_PWM_PulseFinishedCallback
                0x000000000800cb56       0x12 ./Drivers/STM32F1xx_HAL_Driver/Src/stm32f1xx_hal_tim.o
                0x000000000800cb56                HAL_TIM_PWM_PulseFinishedCallback
 .text.HAL_TIM_TriggerCallback
                0x000000000800cb68       0x12 ./Drivers/STM32F1xx_HAL_Driver/Src/stm32f1xx_hal_tim.o
                0x000000000800cb68                HAL_TIM_TriggerCallback
 *fill*         0x000000000800cb7a        0x2 
 .text.TIM_Base_SetConfig
                0x000000000800cb7c       0xf4 ./Drivers/STM32F1xx_HAL_Driver/Src/stm32f1xx_hal_tim.o
                0x000000000800cb7c                TIM_Base_SetConfig
 .text.TIM_TI1_SetConfig
                0x000000000800cc70       0xcc ./Drivers/STM32F1xx_HAL_Driver/Src/stm32f1xx_hal_tim.o
                0x000000000800cc70                TIM_TI1_SetConfig
 .text.TIM_TI2_SetConfig
                0x000000000800cd3c       0x78 ./Drivers/STM32F1xx_HAL_Driver/Src/stm32f1xx_hal_tim.o
 .text.TIM_TI3_SetConfig
                0x000000000800cdb4       0x76 ./Drivers/STM32F1xx_HAL_Driver/Src/stm32f1xx_hal_tim.o
 .text.TIM_TI4_SetConfig
                0x000000000800ce2a       0x78 ./Drivers/STM32F1xx_HAL_Driver/Src/stm32f1xx_hal_tim.o
 .text.TIM_CCxChannelCmd
                0x000000000800cea2       0x48 ./Drivers/STM32F1xx_HAL_Driver/Src/stm32f1xx_hal_tim.o
                0x000000000800cea2                TIM_CCxChannelCmd
 *fill*         0x000000000800ceea        0x2 
 .text.HAL_TIMEx_MasterConfigSynchronization
                0x000000000800ceec       0xd8 ./Drivers/STM32F1xx_HAL_Driver/Src/stm32f1xx_hal_tim_ex.o
                0x000000000800ceec                HAL_TIMEx_MasterConfigSynchronization
 .text.HAL_TIMEx_CommutCallback
                0x000000000800cfc4       0x12 ./Drivers/STM32F1xx_HAL_Driver/Src/stm32f1xx_hal_tim_ex.o
                0x000000000800cfc4                HAL_TIMEx_CommutCallback
 .text.HAL_TIMEx_BreakCallback
                0x000000000800cfd6       0x12 ./Drivers/STM32F1xx_HAL_Driver/Src/stm32f1xx_hal_tim_ex.o
                0x000000000800cfd6                HAL_TIMEx_BreakCallback
 .text.HAL_UART_Init
                0x000000000800cfe8       0xa0 ./Drivers/STM32F1xx_HAL_Driver/Src/stm32f1xx_hal_uart.o
                0x000000000800cfe8                HAL_UART_Init
 .text.HAL_UART_Transmit
                0x000000000800d088      0x106 ./Drivers/STM32F1xx_HAL_Driver/Src/stm32f1xx_hal_uart.o
                0x000000000800d088                HAL_UART_Transmit
 .text.HAL_UART_Receive_IT
                0x000000000800d18e       0x4a ./Drivers/STM32F1xx_HAL_Driver/Src/stm32f1xx_hal_uart.o
                0x000000000800d18e                HAL_UART_Receive_IT
 .text.HAL_UART_IRQHandler
                0x000000000800d1d8      0x524 ./Drivers/STM32F1xx_HAL_Driver/Src/stm32f1xx_hal_uart.o
                0x000000000800d1d8                HAL_UART_IRQHandler
 .text.HAL_UART_TxCpltCallback
                0x000000000800d6fc       0x12 ./Drivers/STM32F1xx_HAL_Driver/Src/stm32f1xx_hal_uart.o
                0x000000000800d6fc                HAL_UART_TxCpltCallback
 .text.HAL_UART_ErrorCallback
                0x000000000800d70e       0x12 ./Drivers/STM32F1xx_HAL_Driver/Src/stm32f1xx_hal_uart.o
                0x000000000800d70e                HAL_UART_ErrorCallback
 .text.HAL_UARTEx_RxEventCallback
                0x000000000800d720       0x16 ./Drivers/STM32F1xx_HAL_Driver/Src/stm32f1xx_hal_uart.o
                0x000000000800d720                HAL_UARTEx_RxEventCallback
 .text.UART_WaitOnFlagUntilTimeout
                0x000000000800d736       0xdc ./Drivers/STM32F1xx_HAL_Driver/Src/stm32f1xx_hal_uart.o
 .text.UART_Start_Receive_IT
                0x000000000800d812       0x72 ./Drivers/STM32F1xx_HAL_Driver/Src/stm32f1xx_hal_uart.o
                0x000000000800d812                UART_Start_Receive_IT
 .text.UART_EndRxTransfer
                0x000000000800d884       0xc4 ./Drivers/STM32F1xx_HAL_Driver/Src/stm32f1xx_hal_uart.o
 .text.UART_DMAAbortOnError
                0x000000000800d948       0x28 ./Drivers/STM32F1xx_HAL_Driver/Src/stm32f1xx_hal_uart.o
 .text.UART_Transmit_IT
                0x000000000800d970       0x9e ./Drivers/STM32F1xx_HAL_Driver/Src/stm32f1xx_hal_uart.o
 .text.UART_EndTransmit_IT
                0x000000000800da0e       0x30 ./Drivers/STM32F1xx_HAL_Driver/Src/stm32f1xx_hal_uart.o
 .text.UART_Receive_IT
                0x000000000800da3e      0x17c ./Drivers/STM32F1xx_HAL_Driver/Src/stm32f1xx_hal_uart.o
 *fill*         0x000000000800dbba        0x2 
 .text.UART_SetConfig
                0x000000000800dbbc      0x11c ./Drivers/STM32F1xx_HAL_Driver/Src/stm32f1xx_hal_uart.o
 .text.MX_FATFS_Init
                0x000000000800dcd8       0x24 ./FATFS/App/fatfs.o
                0x000000000800dcd8                MX_FATFS_Init
 .text.get_fattime
                0x000000000800dcfc        0xe ./FATFS/App/fatfs.o
                0x000000000800dcfc                get_fattime
 *fill*         0x000000000800dd0a        0x2 
 .text.USER_initialize
                0x000000000800dd0c       0x24 ./FATFS/Target/user_diskio.o
                0x000000000800dd0c                USER_initialize
 .text.USER_status
                0x000000000800dd30       0x24 ./FATFS/Target/user_diskio.o
                0x000000000800dd30                USER_status
 .text.USER_read
                0x000000000800dd54       0x1c ./FATFS/Target/user_diskio.o
                0x000000000800dd54                USER_read
 .text.USER_write
                0x000000000800dd70       0x1c ./FATFS/Target/user_diskio.o
                0x000000000800dd70                USER_write
 .text.USER_ioctl
                0x000000000800dd8c       0x20 ./FATFS/Target/user_diskio.o
                0x000000000800dd8c                USER_ioctl
 .text.disk_status
                0x000000000800ddac       0x16 ./Middlewares/Third_Party/FatFs/src/diskio.o
                0x000000000800ddac                disk_status
 .text.disk_initialize
                0x000000000800ddc2       0x42 ./Middlewares/Third_Party/FatFs/src/diskio.o
                0x000000000800ddc2                disk_initialize
 .text.disk_read
                0x000000000800de04       0xa4 ./Middlewares/Third_Party/FatFs/src/diskio.o
                0x000000000800de04                disk_read
 .text.disk_write
                0x000000000800dea8       0xa4 ./Middlewares/Third_Party/FatFs/src/diskio.o
                0x000000000800dea8                disk_write
 .text.disk_ioctl
                0x000000000800df4c       0xd4 ./Middlewares/Third_Party/FatFs/src/diskio.o
                0x000000000800df4c                disk_ioctl
 .text.mem_cpy  0x000000000800e020       0x3c ./Middlewares/Third_Party/FatFs/src/ff.o
 .text.mem_set  0x000000000800e05c       0x34 ./Middlewares/Third_Party/FatFs/src/ff.o
 .text.mem_cmp  0x000000000800e090       0x4c ./Middlewares/Third_Party/FatFs/src/ff.o
 .text.chk_chr  0x000000000800e0dc       0x34 ./Middlewares/Third_Party/FatFs/src/ff.o
 .text.chk_lock
                0x000000000800e110       0xd8 ./Middlewares/Third_Party/FatFs/src/ff.o
 .text.enq_lock
                0x000000000800e1e8       0x48 ./Middlewares/Third_Party/FatFs/src/ff.o
 .text.inc_lock
                0x000000000800e230      0x16c ./Middlewares/Third_Party/FatFs/src/ff.o
 .text.dec_lock
                0x000000000800e39c       0x88 ./Middlewares/Third_Party/FatFs/src/ff.o
 .text.clear_lock
                0x000000000800e424       0x54 ./Middlewares/Third_Party/FatFs/src/ff.o
 .text.sync_window
                0x000000000800e478       0x92 ./Middlewares/Third_Party/FatFs/src/ff.o
 .text.move_window
                0x000000000800e50a       0x5c ./Middlewares/Third_Party/FatFs/src/ff.o
 .text.sync_fs  0x000000000800e566      0x15a ./Middlewares/Third_Party/FatFs/src/ff.o
 .text.clust2sect
                0x000000000800e6c0       0x42 ./Middlewares/Third_Party/FatFs/src/ff.o
                0x000000000800e6c0                clust2sect
 .text.get_fat  0x000000000800e702      0x174 ./Middlewares/Third_Party/FatFs/src/ff.o
                0x000000000800e702                get_fat
 .text.put_fat  0x000000000800e876      0x21c ./Middlewares/Third_Party/FatFs/src/ff.o
                0x000000000800e876                put_fat
 .text.remove_chain
                0x000000000800ea92       0xb4 ./Middlewares/Third_Party/FatFs/src/ff.o
 .text.create_chain
                0x000000000800eb46      0x13a ./Middlewares/Third_Party/FatFs/src/ff.o
 .text.clmt_clust
                0x000000000800ec80       0x68 ./Middlewares/Third_Party/FatFs/src/ff.o
 .text.dir_sdi  0x000000000800ece8      0x128 ./Middlewares/Third_Party/FatFs/src/ff.o
 .text.dir_next
                0x000000000800ee10      0x1ee ./Middlewares/Third_Party/FatFs/src/ff.o
 .text.dir_alloc
                0x000000000800effe       0x94 ./Middlewares/Third_Party/FatFs/src/ff.o
 .text.ld_clust
                0x000000000800f092       0x5a ./Middlewares/Third_Party/FatFs/src/ff.o
 .text.st_clust
                0x000000000800f0ec       0x4c ./Middlewares/Third_Party/FatFs/src/ff.o
 .text.dir_find
                0x000000000800f138       0x9e ./Middlewares/Third_Party/FatFs/src/ff.o
 .text.dir_read
                0x000000000800f1d6       0xbe ./Middlewares/Third_Party/FatFs/src/ff.o
 .text.dir_register
                0x000000000800f294       0x72 ./Middlewares/Third_Party/FatFs/src/ff.o
 .text.get_fileinfo
                0x000000000800f306       0xe0 ./Middlewares/Third_Party/FatFs/src/ff.o
 *fill*         0x000000000800f3e6        0x2 
 .text.create_name
                0x000000000800f3e8      0x180 ./Middlewares/Third_Party/FatFs/src/ff.o
 .text.follow_path
                0x000000000800f568       0xdc ./Middlewares/Third_Party/FatFs/src/ff.o
 .text.get_ldnumber
                0x000000000800f644       0x86 ./Middlewares/Third_Party/FatFs/src/ff.o
 *fill*         0x000000000800f6ca        0x2 
 .text.check_fs
                0x000000000800f6cc       0xd4 ./Middlewares/Third_Party/FatFs/src/ff.o
 .text.find_volume
                0x000000000800f7a0      0x590 ./Middlewares/Third_Party/FatFs/src/ff.o
 .text.validate
                0x000000000800fd30       0x66 ./Middlewares/Third_Party/FatFs/src/ff.o
 *fill*         0x000000000800fd96        0x2 
 .text.f_mount  0x000000000800fd98       0x90 ./Middlewares/Third_Party/FatFs/src/ff.o
                0x000000000800fd98                f_mount
 .text.f_open   0x000000000800fe28      0x4f2 ./Middlewares/Third_Party/FatFs/src/ff.o
                0x000000000800fe28                f_open
 .text.f_read   0x000000000801031a      0x2d6 ./Middlewares/Third_Party/FatFs/src/ff.o
                0x000000000801031a                f_read
 .text.f_sync   0x00000000080105f0      0x174 ./Middlewares/Third_Party/FatFs/src/ff.o
                0x00000000080105f0                f_sync
 .text.f_close  0x0000000008010764       0x50 ./Middlewares/Third_Party/FatFs/src/ff.o
                0x0000000008010764                f_close
 .text.f_lseek  0x00000000080107b4      0x4bc ./Middlewares/Third_Party/FatFs/src/ff.o
                0x00000000080107b4                f_lseek
 .text.f_opendir
                0x0000000008010c70      0x104 ./Middlewares/Third_Party/FatFs/src/ff.o
                0x0000000008010c70                f_opendir
 .text.f_readdir
                0x0000000008010d74       0x8c ./Middlewares/Third_Party/FatFs/src/ff.o
                0x0000000008010d74                f_readdir
 .text.FATFS_LinkDriverEx
                0x0000000008010e00       0x94 ./Middlewares/Third_Party/FatFs/src/ff_gen_drv.o
                0x0000000008010e00                FATFS_LinkDriverEx
 .text.FATFS_LinkDriver
                0x0000000008010e94       0x1e ./Middlewares/Third_Party/FatFs/src/ff_gen_drv.o
                0x0000000008010e94                FATFS_LinkDriver
 .text.memset   0x0000000008010eb2       0x10 D:/App/STM32CubeIDE_1.13.1/STM32CubeIDE/plugins/com.st.stm32cube.ide.mcu.externaltools.gnu-tools-for-stm32.11.3.rel1.win32_1.1.100.202309141235/tools/bin/../lib/gcc/arm-none-eabi/11.3.1/../../../../arm-none-eabi/lib/thumb/v7-m/nofp\libc_nano.a(libc_a-memset.o)
                0x0000000008010eb2                memset
 .text.strcat   0x0000000008010ec2       0x1e D:/App/STM32CubeIDE_1.13.1/STM32CubeIDE/plugins/com.st.stm32cube.ide.mcu.externaltools.gnu-tools-for-stm32.11.3.rel1.win32_1.1.100.202309141235/tools/bin/../lib/gcc/arm-none-eabi/11.3.1/../../../../arm-none-eabi/lib/thumb/v7-m/nofp\libc_nano.a(libc_a-strcat.o)
                0x0000000008010ec2                strcat
 .text.__libc_init_array
                0x0000000008010ee0       0x48 D:/App/STM32CubeIDE_1.13.1/STM32CubeIDE/plugins/com.st.stm32cube.ide.mcu.externaltools.gnu-tools-for-stm32.11.3.rel1.win32_1.1.100.202309141235/tools/bin/../lib/gcc/arm-none-eabi/11.3.1/../../../../arm-none-eabi/lib/thumb/v7-m/nofp\libc_nano.a(libc_a-init.o)
                0x0000000008010ee0                __libc_init_array
 .text.strcpy   0x0000000008010f28       0x10 D:/App/STM32CubeIDE_1.13.1/STM32CubeIDE/plugins/com.st.stm32cube.ide.mcu.externaltools.gnu-tools-for-stm32.11.3.rel1.win32_1.1.100.202309141235/tools/bin/../lib/gcc/arm-none-eabi/11.3.1/../../../../arm-none-eabi/lib/thumb/v7-m/nofp\libc_nano.a(libc_a-strcpy.o)
                0x0000000008010f28                strcpy
 *(.glue_7)
 .glue_7        0x0000000008010f38        0x0 linker stubs
 *(.glue_7t)
 .glue_7t       0x0000000008010f38        0x0 linker stubs
 *(.eh_frame)
 .eh_frame      0x0000000008010f38        0x0 D:/App/STM32CubeIDE_1.13.1/STM32CubeIDE/plugins/com.st.stm32cube.ide.mcu.externaltools.gnu-tools-for-stm32.11.3.rel1.win32_1.1.100.202309141235/tools/bin/../lib/gcc/arm-none-eabi/11.3.1/thumb/v7-m/nofp/crtbegin.o
 *(.init)
 .init          0x0000000008010f38        0x4 D:/App/STM32CubeIDE_1.13.1/STM32CubeIDE/plugins/com.st.stm32cube.ide.mcu.externaltools.gnu-tools-for-stm32.11.3.rel1.win32_1.1.100.202309141235/tools/bin/../lib/gcc/arm-none-eabi/11.3.1/thumb/v7-m/nofp/crti.o
                0x0000000008010f38                _init
 .init          0x0000000008010f3c        0x8 D:/App/STM32CubeIDE_1.13.1/STM32CubeIDE/plugins/com.st.stm32cube.ide.mcu.externaltools.gnu-tools-for-stm32.11.3.rel1.win32_1.1.100.202309141235/tools/bin/../lib/gcc/arm-none-eabi/11.3.1/thumb/v7-m/nofp/crtn.o
 *(.fini)
 .fini          0x0000000008010f44        0x4 D:/App/STM32CubeIDE_1.13.1/STM32CubeIDE/plugins/com.st.stm32cube.ide.mcu.externaltools.gnu-tools-for-stm32.11.3.rel1.win32_1.1.100.202309141235/tools/bin/../lib/gcc/arm-none-eabi/11.3.1/thumb/v7-m/nofp/crti.o
                0x0000000008010f44                _fini
 .fini          0x0000000008010f48        0x8 D:/App/STM32CubeIDE_1.13.1/STM32CubeIDE/plugins/com.st.stm32cube.ide.mcu.externaltools.gnu-tools-for-stm32.11.3.rel1.win32_1.1.100.202309141235/tools/bin/../lib/gcc/arm-none-eabi/11.3.1/thumb/v7-m/nofp/crtn.o
                0x0000000008010f50                . = ALIGN (0x4)
                0x0000000008010f50                _etext = .

.vfp11_veneer   0x0000000008010f50        0x0
 .vfp11_veneer  0x0000000008010f50        0x0 linker stubs

.v4_bx          0x0000000008010f50        0x0
 .v4_bx         0x0000000008010f50        0x0 linker stubs

.iplt           0x0000000008010f50        0x0
 .iplt          0x0000000008010f50        0x0 D:/App/STM32CubeIDE_1.13.1/STM32CubeIDE/plugins/com.st.stm32cube.ide.mcu.externaltools.gnu-tools-for-stm32.11.3.rel1.win32_1.1.100.202309141235/tools/bin/../lib/gcc/arm-none-eabi/11.3.1/thumb/v7-m/nofp/crtbegin.o

.rodata         0x0000000008010f50     0x2214
                0x0000000008010f50                . = ALIGN (0x4)
 *(.rodata)
 .rodata        0x0000000008010f50       0x4a ./Core/Src/album/exfuns.o
 *fill*         0x0000000008010f9a        0x2 
 .rodata        0x0000000008010f9c      0x2ec ./Core/Src/album/fattester.o
 .rodata        0x0000000008011288       0xfa ./Core/Src/main.o
 *fill*         0x0000000008011382        0x2 
 .rodata        0x0000000008011384       0x44 ./Middlewares/Third_Party/FatFs/src/ff.o
 *(.rodata*)
 .rodata.FILE_TYPE_TBL
                0x00000000080113c8       0x70 ./Core/Src/album/exfuns.o
                0x00000000080113c8                FILE_TYPE_TBL
 .rodata.Zig    0x0000000008011438       0x40 ./Core/Src/album/tjpgd.o
 .rodata.Ipsf   0x0000000008011478       0x80 ./Core/Src/album/tjpgd.o
 .rodata.Clip8  0x00000000080114f8      0x400 ./Core/Src/album/tjpgd.o
 .rodata.asc2_1206
                0x00000000080118f8      0x474 ./Core/Src/lcd.o
                0x00000000080118f8                asc2_1206
 .rodata.asc2_1608
                0x0000000008011d6c      0x5f0 ./Core/Src/lcd.o
                0x0000000008011d6c                asc2_1608
 .rodata.asc2_2412
                0x000000000801235c      0xd5c ./Core/Src/lcd.o
                0x000000000801235c                asc2_2412
 .rodata.AHBPrescTable
                0x00000000080130b8       0x10 ./Core/Src/system_stm32f1xx.o
                0x00000000080130b8                AHBPrescTable
 .rodata.APBPrescTable
                0x00000000080130c8        0x8 ./Core/Src/system_stm32f1xx.o
                0x00000000080130c8                APBPrescTable
 .rodata.aPLLMULFactorTable.1
                0x00000000080130d0       0x10 ./Drivers/STM32F1xx_HAL_Driver/Src/stm32f1xx_hal_rcc.o
 .rodata.aPredivFactorTable.0
                0x00000000080130e0        0x2 ./Drivers/STM32F1xx_HAL_Driver/Src/stm32f1xx_hal_rcc.o
 *fill*         0x00000000080130e2        0x2 
 .rodata.ExCvt  0x00000000080130e4       0x80 ./Middlewares/Third_Party/FatFs/src/ff.o
                0x0000000008013164                . = ALIGN (0x4)

.rel.dyn        0x0000000008013164        0x0
 .rel.iplt      0x0000000008013164        0x0 D:/App/STM32CubeIDE_1.13.1/STM32CubeIDE/plugins/com.st.stm32cube.ide.mcu.externaltools.gnu-tools-for-stm32.11.3.rel1.win32_1.1.100.202309141235/tools/bin/../lib/gcc/arm-none-eabi/11.3.1/thumb/v7-m/nofp/crtbegin.o

.ARM.extab      0x0000000008013164        0x0
                0x0000000008013164                . = ALIGN (0x4)
 *(.ARM.extab* .gnu.linkonce.armextab.*)
                0x0000000008013164                . = ALIGN (0x4)

.ARM            0x0000000008013164        0x0
                0x0000000008013164                . = ALIGN (0x4)
                0x0000000008013164                __exidx_start = .
 *(.ARM.exidx*)
                0x0000000008013164                __exidx_end = .
                0x0000000008013164                . = ALIGN (0x4)

.preinit_array  0x0000000008013164        0x0
                0x0000000008013164                . = ALIGN (0x4)
                0x0000000008013164                PROVIDE (__preinit_array_start = .)
 *(.preinit_array*)
                0x0000000008013164                PROVIDE (__preinit_array_end = .)
                0x0000000008013164                . = ALIGN (0x4)

.init_array     0x0000000008013164        0x4
                0x0000000008013164                . = ALIGN (0x4)
                0x0000000008013164                PROVIDE (__init_array_start = .)
 *(SORT_BY_NAME(.init_array.*))
 *(.init_array*)
 .init_array    0x0000000008013164        0x4 D:/App/STM32CubeIDE_1.13.1/STM32CubeIDE/plugins/com.st.stm32cube.ide.mcu.externaltools.gnu-tools-for-stm32.11.3.rel1.win32_1.1.100.202309141235/tools/bin/../lib/gcc/arm-none-eabi/11.3.1/thumb/v7-m/nofp/crtbegin.o
                0x0000000008013168                PROVIDE (__init_array_end = .)
                0x0000000008013168                . = ALIGN (0x4)

.fini_array     0x0000000008013168        0x4
                0x0000000008013168                . = ALIGN (0x4)
                [!provide]                        PROVIDE (__fini_array_start = .)
 *(SORT_BY_NAME(.fini_array.*))
 *(.fini_array*)
 .fini_array    0x0000000008013168        0x4 D:/App/STM32CubeIDE_1.13.1/STM32CubeIDE/plugins/com.st.stm32cube.ide.mcu.externaltools.gnu-tools-for-stm32.11.3.rel1.win32_1.1.100.202309141235/tools/bin/../lib/gcc/arm-none-eabi/11.3.1/thumb/v7-m/nofp/crtbegin.o
                [!provide]                        PROVIDE (__fini_array_end = .)
                0x000000000801316c                . = ALIGN (0x4)
                0x000000000801316c                _sidata = LOADADDR (.data)

.data           0x0000000020000000       0x3c load address 0x000000000801316c
                0x0000000020000000                . = ALIGN (0x4)
                0x0000000020000000                _sdata = .
 *(.data)
 *(.data*)
 .data.mallco_dev
                0x0000000020000000       0x14 ./Core/Src/album/malloc.o
                0x0000000020000000                mallco_dev
 .data.W25QXX_TYPE
                0x0000000020000014        0x2 ./Core/Src/album/w25qxx.o
                0x0000000020000014                W25QXX_TYPE
 .data.BACK_COLOR
                0x0000000020000016        0x2 ./Core/Src/lcd.o
                0x0000000020000016                BACK_COLOR
 .data.SystemCoreClock
                0x0000000020000018        0x4 ./Core/Src/system_stm32f1xx.o
                0x0000000020000018                SystemCoreClock
 .data.uwTickPrio
                0x000000002000001c        0x4 ./Drivers/STM32F1xx_HAL_Driver/Src/stm32f1xx_hal.o
                0x000000002000001c                uwTickPrio
 .data.uwTickFreq
                0x0000000020000020        0x1 ./Drivers/STM32F1xx_HAL_Driver/Src/stm32f1xx_hal.o
                0x0000000020000020                uwTickFreq
 .data.Stat     0x0000000020000021        0x1 ./FATFS/Target/user_diskio.o
 *fill*         0x0000000020000022        0x2 
 .data.USER_Driver
                0x0000000020000024       0x14 ./FATFS/Target/user_diskio.o
                0x0000000020000024                USER_Driver
 .data.FLASH_SECTOR_COUNT
                0x0000000020000038        0x2 ./Middlewares/Third_Party/FatFs/src/diskio.o
                0x0000000020000038                FLASH_SECTOR_COUNT
 *(.RamFunc)
 *(.RamFunc*)
                0x000000002000003c                . = ALIGN (0x4)
 *fill*         0x000000002000003a        0x2 
                0x000000002000003c                _edata = .

.igot.plt       0x000000002000003c        0x0 load address 0x00000000080131a8
 .igot.plt      0x000000002000003c        0x0 D:/App/STM32CubeIDE_1.13.1/STM32CubeIDE/plugins/com.st.stm32cube.ide.mcu.externaltools.gnu-tools-for-stm32.11.3.rel1.win32_1.1.100.202309141235/tools/bin/../lib/gcc/arm-none-eabi/11.3.1/thumb/v7-m/nofp/crtbegin.o
                0x000000002000003c                . = ALIGN (0x4)

.bss            0x000000002000003c     0xaea4 load address 0x00000000080131a8
                0x000000002000003c                _sbss = .
                0x000000002000003c                __bss_start__ = _sbss
 *(.bss)
 .bss           0x000000002000003c       0x1c D:/App/STM32CubeIDE_1.13.1/STM32CubeIDE/plugins/com.st.stm32cube.ide.mcu.externaltools.gnu-tools-for-stm32.11.3.rel1.win32_1.1.100.202309141235/tools/bin/../lib/gcc/arm-none-eabi/11.3.1/thumb/v7-m/nofp/crtbegin.o
 *(.bss*)
 .bss.fs        0x0000000020000058        0x4 ./Core/Src/album/exfuns.o
                0x0000000020000058                fs
 .bss.file      0x000000002000005c        0x4 ./Core/Src/album/exfuns.o
                0x000000002000005c                file
 .bss.ftemp     0x0000000020000060        0x4 ./Core/Src/album/exfuns.o
                0x0000000020000060                ftemp
 .bss.fileinfo  0x0000000020000064       0x18 ./Core/Src/album/exfuns.o
                0x0000000020000064                fileinfo
 .bss.dir       0x000000002000007c      0x220 ./Core/Src/album/exfuns.o
                0x000000002000007c                dir
 .bss.fatbuf    0x000000002000029c        0x4 ./Core/Src/album/exfuns.o
                0x000000002000029c                fatbuf
 .bss.membase   0x00000000200002a0     0x8c00 ./Core/Src/album/malloc.o
                0x00000000200002a0                membase
 .bss.memmapbase
                0x0000000020008ea0      0x8c0 ./Core/Src/album/malloc.o
                0x0000000020008ea0                memmapbase
 .bss.SD_Type   0x0000000020009760        0x1 ./Core/Src/album/mmc_sd.o
                0x0000000020009760                SD_Type
 *fill*         0x0000000020009761        0x3 
 .bss.picinfo   0x0000000020009764       0x28 ./Core/Src/album/piclib.o
                0x0000000020009764                picinfo
 .bss.pic_phy   0x000000002000978c       0x14 ./Core/Src/album/piclib.o
                0x000000002000978c                pic_phy
 .bss.TIM5_Handler
                0x00000000200097a0       0x48 ./Core/Src/album/remote.o
                0x00000000200097a0                TIM5_Handler
 .bss.RmtSta    0x00000000200097e8        0x1 ./Core/Src/album/remote.o
                0x00000000200097e8                RmtSta
 *fill*         0x00000000200097e9        0x1 
 .bss.Dval      0x00000000200097ea        0x2 ./Core/Src/album/remote.o
                0x00000000200097ea                Dval
 .bss.RmtRec    0x00000000200097ec        0x4 ./Core/Src/album/remote.o
                0x00000000200097ec                RmtRec
 .bss.RmtCnt    0x00000000200097f0        0x1 ./Core/Src/album/remote.o
                0x00000000200097f0                RmtCnt
 *fill*         0x00000000200097f1        0x3 
 .bss.f_jpeg    0x00000000200097f4        0x4 ./Core/Src/album/tjpgd.o
                0x00000000200097f4                f_jpeg
 .bss.jpeg_dev  0x00000000200097f8        0x4 ./Core/Src/album/tjpgd.o
                0x00000000200097f8                jpeg_dev
 .bss.jpg_buffer
                0x00000000200097fc        0x4 ./Core/Src/album/tjpgd.o
                0x00000000200097fc                jpg_buffer
 .bss.W25QXX_BUFFER
                0x0000000020009800     0x1000 ./Core/Src/album/w25qxx.o
                0x0000000020009800                W25QXX_BUFFER
 .bss.POINT_COLOR
                0x000000002000a800        0x2 ./Core/Src/lcd.o
                0x000000002000a800                POINT_COLOR
 *fill*         0x000000002000a802        0x2 
 .bss.lcddev    0x000000002000a804        0xe ./Core/Src/lcd.o
                0x000000002000a804                lcddev
 *fill*         0x000000002000a812        0x2 
 .bss.pic       0x000000002000a814      0x190 ./Core/Src/main.o
                0x000000002000a814                pic
 .bss.pnum      0x000000002000a9a4        0x1 ./Core/Src/main.o
                0x000000002000a9a4                pnum
 *fill*         0x000000002000a9a5        0x1 
 .bss.index     0x000000002000a9a6        0x2 ./Core/Src/main.o
                0x000000002000a9a6                index
 .bss.hspi1     0x000000002000a9a8       0x58 ./Core/Src/spi.o
                0x000000002000a9a8                hspi1
 .bss.rxBuffer  0x000000002000aa00       0x14 ./Core/Src/stm32f1xx_it.o
                0x000000002000aa00                rxBuffer
 .bss.uLength.1
                0x000000002000aa14        0x1 ./Core/Src/stm32f1xx_it.o
 *fill*         0x000000002000aa15        0x3 
 .bss.uRx_Data.0
                0x000000002000aa18      0x400 ./Core/Src/stm32f1xx_it.o
 .bss.htim5     0x000000002000ae18       0x48 ./Core/Src/tim.o
                0x000000002000ae18                htim5
 .bss.huart1    0x000000002000ae60       0x48 ./Core/Src/usart.o
                0x000000002000ae60                huart1
 .bss.uwTick    0x000000002000aea8        0x4 ./Drivers/STM32F1xx_HAL_Driver/Src/stm32f1xx_hal.o
                0x000000002000aea8                uwTick
 .bss.retUSER   0x000000002000aeac        0x1 ./FATFS/App/fatfs.o
                0x000000002000aeac                retUSER
 *fill*         0x000000002000aead        0x3 
 .bss.USERPath  0x000000002000aeb0        0x4 ./FATFS/App/fatfs.o
                0x000000002000aeb0                USERPath
 .bss.FatFs     0x000000002000aeb4        0x4 ./Middlewares/Third_Party/FatFs/src/ff.o
 .bss.Fsid      0x000000002000aeb8        0x2 ./Middlewares/Third_Party/FatFs/src/ff.o
 *fill*         0x000000002000aeba        0x2 
 .bss.Files     0x000000002000aebc       0x18 ./Middlewares/Third_Party/FatFs/src/ff.o
 .bss.disk      0x000000002000aed4        0xc ./Middlewares/Third_Party/FatFs/src/ff_gen_drv.o
                0x000000002000aed4                disk
 *(COMMON)
                0x000000002000aee0                . = ALIGN (0x4)
                0x000000002000aee0                _ebss = .
                0x000000002000aee0                __bss_end__ = _ebss

._user_heap_stack
                0x000000002000aee0      0x600 load address 0x00000000080131a8
                0x000000002000aee0                . = ALIGN (0x8)
                [!provide]                        PROVIDE (end = .)
                0x000000002000aee0                PROVIDE (_end = .)
                0x000000002000b0e0                . = (. + _Min_Heap_Size)
 *fill*         0x000000002000aee0      0x200 
                0x000000002000b4e0                . = (. + _Min_Stack_Size)
 *fill*         0x000000002000b0e0      0x400 
                0x000000002000b4e0                . = ALIGN (0x8)

/DISCARD/
 libc.a(*)
 libm.a(*)
 libgcc.a(*)

.ARM.attributes
                0x0000000000000000       0x29
 *(.ARM.attributes)
 .ARM.attributes
                0x0000000000000000       0x1d D:/App/STM32CubeIDE_1.13.1/STM32CubeIDE/plugins/com.st.stm32cube.ide.mcu.externaltools.gnu-tools-for-stm32.11.3.rel1.win32_1.1.100.202309141235/tools/bin/../lib/gcc/arm-none-eabi/11.3.1/thumb/v7-m/nofp/crti.o
 .ARM.attributes
                0x000000000000001d       0x2d D:/App/STM32CubeIDE_1.13.1/STM32CubeIDE/plugins/com.st.stm32cube.ide.mcu.externaltools.gnu-tools-for-stm32.11.3.rel1.win32_1.1.100.202309141235/tools/bin/../lib/gcc/arm-none-eabi/11.3.1/thumb/v7-m/nofp/crtbegin.o
 .ARM.attributes
                0x000000000000004a       0x2d ./Core/Src/album/exfuns.o
 .ARM.attributes
                0x0000000000000077       0x2d ./Core/Src/album/fattester.o
 .ARM.attributes
                0x00000000000000a4       0x2d ./Core/Src/album/malloc.o
 .ARM.attributes
                0x00000000000000d1       0x2d ./Core/Src/album/mmc_sd.o
 .ARM.attributes
                0x00000000000000fe       0x2d ./Core/Src/album/piclib.o
 .ARM.attributes
                0x000000000000012b       0x2d ./Core/Src/album/remote.o
 .ARM.attributes
                0x0000000000000158       0x2d ./Core/Src/album/tjpgd.o
 .ARM.attributes
                0x0000000000000185       0x2d ./Core/Src/album/w25qxx.o
 .ARM.attributes
                0x00000000000001b2       0x2d ./Core/Src/gpio.o
 .ARM.attributes
                0x00000000000001df       0x2d ./Core/Src/lcd.o
 .ARM.attributes
                0x000000000000020c       0x2d ./Core/Src/main.o
 .ARM.attributes
                0x0000000000000239       0x2d ./Core/Src/spi.o
 .ARM.attributes
                0x0000000000000266       0x2d ./Core/Src/stm32f1xx_hal_msp.o
 .ARM.attributes
                0x0000000000000293       0x2d ./Core/Src/stm32f1xx_it.o
 .ARM.attributes
                0x00000000000002c0       0x2d ./Core/Src/system_stm32f1xx.o
 .ARM.attributes
                0x00000000000002ed       0x2d ./Core/Src/tim.o
 .ARM.attributes
                0x000000000000031a       0x2d ./Core/Src/usart.o
 .ARM.attributes
                0x0000000000000347       0x21 ./Core/Startup/startup_stm32f103rctx.o
 .ARM.attributes
                0x0000000000000368       0x2d ./Drivers/STM32F1xx_HAL_Driver/Src/stm32f1xx_hal.o
 .ARM.attributes
                0x0000000000000395       0x2d ./Drivers/STM32F1xx_HAL_Driver/Src/stm32f1xx_hal_cortex.o
 .ARM.attributes
                0x00000000000003c2       0x2d ./Drivers/STM32F1xx_HAL_Driver/Src/stm32f1xx_hal_dma.o
 .ARM.attributes
                0x00000000000003ef       0x2d ./Drivers/STM32F1xx_HAL_Driver/Src/stm32f1xx_hal_gpio.o
 .ARM.attributes
                0x000000000000041c       0x2d ./Drivers/STM32F1xx_HAL_Driver/Src/stm32f1xx_hal_rcc.o
 .ARM.attributes
                0x0000000000000449       0x2d ./Drivers/STM32F1xx_HAL_Driver/Src/stm32f1xx_hal_spi.o
 .ARM.attributes
                0x0000000000000476       0x2d ./Drivers/STM32F1xx_HAL_Driver/Src/stm32f1xx_hal_tim.o
 .ARM.attributes
                0x00000000000004a3       0x2d ./Drivers/STM32F1xx_HAL_Driver/Src/stm32f1xx_hal_tim_ex.o
 .ARM.attributes
                0x00000000000004d0       0x2d ./Drivers/STM32F1xx_HAL_Driver/Src/stm32f1xx_hal_uart.o
 .ARM.attributes
                0x00000000000004fd       0x2d ./FATFS/App/fatfs.o
 .ARM.attributes
                0x000000000000052a       0x2d ./FATFS/Target/user_diskio.o
 .ARM.attributes
                0x0000000000000557       0x2d ./Middlewares/Third_Party/FatFs/src/diskio.o
 .ARM.attributes
                0x0000000000000584       0x2d ./Middlewares/Third_Party/FatFs/src/ff.o
 .ARM.attributes
                0x00000000000005b1       0x2d ./Middlewares/Third_Party/FatFs/src/ff_gen_drv.o
 .ARM.attributes
                0x00000000000005de       0x2d D:/App/STM32CubeIDE_1.13.1/STM32CubeIDE/plugins/com.st.stm32cube.ide.mcu.externaltools.gnu-tools-for-stm32.11.3.rel1.win32_1.1.100.202309141235/tools/bin/../lib/gcc/arm-none-eabi/11.3.1/../../../../arm-none-eabi/lib/thumb/v7-m/nofp\libc_nano.a(libc_a-memset.o)
 .ARM.attributes
                0x000000000000060b       0x2d D:/App/STM32CubeIDE_1.13.1/STM32CubeIDE/plugins/com.st.stm32cube.ide.mcu.externaltools.gnu-tools-for-stm32.11.3.rel1.win32_1.1.100.202309141235/tools/bin/../lib/gcc/arm-none-eabi/11.3.1/../../../../arm-none-eabi/lib/thumb/v7-m/nofp\libc_nano.a(libc_a-strcat.o)
 .ARM.attributes
                0x0000000000000638       0x2d D:/App/STM32CubeIDE_1.13.1/STM32CubeIDE/plugins/com.st.stm32cube.ide.mcu.externaltools.gnu-tools-for-stm32.11.3.rel1.win32_1.1.100.202309141235/tools/bin/../lib/gcc/arm-none-eabi/11.3.1/../../../../arm-none-eabi/lib/thumb/v7-m/nofp\libc_nano.a(libc_a-init.o)
 .ARM.attributes
                0x0000000000000665       0x1b D:/App/STM32CubeIDE_1.13.1/STM32CubeIDE/plugins/com.st.stm32cube.ide.mcu.externaltools.gnu-tools-for-stm32.11.3.rel1.win32_1.1.100.202309141235/tools/bin/../lib/gcc/arm-none-eabi/11.3.1/../../../../arm-none-eabi/lib/thumb/v7-m/nofp\libc_nano.a(libc_a-strcmp.o)
 .ARM.attributes
                0x0000000000000680       0x2d D:/App/STM32CubeIDE_1.13.1/STM32CubeIDE/plugins/com.st.stm32cube.ide.mcu.externaltools.gnu-tools-for-stm32.11.3.rel1.win32_1.1.100.202309141235/tools/bin/../lib/gcc/arm-none-eabi/11.3.1/../../../../arm-none-eabi/lib/thumb/v7-m/nofp\libc_nano.a(libc_a-strcpy.o)
 .ARM.attributes
                0x00000000000006ad       0x17 D:/App/STM32CubeIDE_1.13.1/STM32CubeIDE/plugins/com.st.stm32cube.ide.mcu.externaltools.gnu-tools-for-stm32.11.3.rel1.win32_1.1.100.202309141235/tools/bin/../lib/gcc/arm-none-eabi/11.3.1/../../../../arm-none-eabi/lib/thumb/v7-m/nofp\libc_nano.a(libc_a-strlen.o)
 .ARM.attributes
                0x00000000000006c4       0x1d D:/App/STM32CubeIDE_1.13.1/STM32CubeIDE/plugins/com.st.stm32cube.ide.mcu.externaltools.gnu-tools-for-stm32.11.3.rel1.win32_1.1.100.202309141235/tools/bin/../lib/gcc/arm-none-eabi/11.3.1/thumb/v7-m/nofp\libgcc.a(_arm_muldf3.o)
 .ARM.attributes
                0x00000000000006e1       0x1d D:/App/STM32CubeIDE_1.13.1/STM32CubeIDE/plugins/com.st.stm32cube.ide.mcu.externaltools.gnu-tools-for-stm32.11.3.rel1.win32_1.1.100.202309141235/tools/bin/../lib/gcc/arm-none-eabi/11.3.1/thumb/v7-m/nofp\libgcc.a(_arm_addsubdf3.o)
 .ARM.attributes
                0x00000000000006fe       0x1d D:/App/STM32CubeIDE_1.13.1/STM32CubeIDE/plugins/com.st.stm32cube.ide.mcu.externaltools.gnu-tools-for-stm32.11.3.rel1.win32_1.1.100.202309141235/tools/bin/../lib/gcc/arm-none-eabi/11.3.1/thumb/v7-m/nofp\libgcc.a(_arm_fixdfsi.o)
 .ARM.attributes
                0x000000000000071b       0x1d D:/App/STM32CubeIDE_1.13.1/STM32CubeIDE/plugins/com.st.stm32cube.ide.mcu.externaltools.gnu-tools-for-stm32.11.3.rel1.win32_1.1.100.202309141235/tools/bin/../lib/gcc/arm-none-eabi/11.3.1/thumb/v7-m/nofp\libgcc.a(_arm_fixunsdfsi.o)
 .ARM.attributes
                0x0000000000000738       0x1d D:/App/STM32CubeIDE_1.13.1/STM32CubeIDE/plugins/com.st.stm32cube.ide.mcu.externaltools.gnu-tools-for-stm32.11.3.rel1.win32_1.1.100.202309141235/tools/bin/../lib/gcc/arm-none-eabi/11.3.1/thumb/v7-m/nofp\libgcc.a(_arm_addsubsf3.o)
 .ARM.attributes
                0x0000000000000755       0x1d D:/App/STM32CubeIDE_1.13.1/STM32CubeIDE/plugins/com.st.stm32cube.ide.mcu.externaltools.gnu-tools-for-stm32.11.3.rel1.win32_1.1.100.202309141235/tools/bin/../lib/gcc/arm-none-eabi/11.3.1/thumb/v7-m/nofp\libgcc.a(_arm_muldivsf3.o)
 .ARM.attributes
                0x0000000000000772       0x1d D:/App/STM32CubeIDE_1.13.1/STM32CubeIDE/plugins/com.st.stm32cube.ide.mcu.externaltools.gnu-tools-for-stm32.11.3.rel1.win32_1.1.100.202309141235/tools/bin/../lib/gcc/arm-none-eabi/11.3.1/thumb/v7-m/nofp\libgcc.a(_arm_cmpsf2.o)
 .ARM.attributes
                0x000000000000078f       0x1d D:/App/STM32CubeIDE_1.13.1/STM32CubeIDE/plugins/com.st.stm32cube.ide.mcu.externaltools.gnu-tools-for-stm32.11.3.rel1.win32_1.1.100.202309141235/tools/bin/../lib/gcc/arm-none-eabi/11.3.1/thumb/v7-m/nofp\libgcc.a(_arm_fixunssfsi.o)
 .ARM.attributes
                0x00000000000007ac       0x1d D:/App/STM32CubeIDE_1.13.1/STM32CubeIDE/plugins/com.st.stm32cube.ide.mcu.externaltools.gnu-tools-for-stm32.11.3.rel1.win32_1.1.100.202309141235/tools/bin/../lib/gcc/arm-none-eabi/11.3.1/thumb/v7-m/nofp/crtn.o
OUTPUT(sdtest1.elf elf32-littlearm)
LOAD linker stubs
LOAD D:/App/STM32CubeIDE_1.13.1/STM32CubeIDE/plugins/com.st.stm32cube.ide.mcu.externaltools.gnu-tools-for-stm32.11.3.rel1.win32_1.1.100.202309141235/tools/bin/../lib/gcc/arm-none-eabi/11.3.1/../../../../arm-none-eabi/lib/thumb/v7-m/nofp\libc.a
LOAD D:/App/STM32CubeIDE_1.13.1/STM32CubeIDE/plugins/com.st.stm32cube.ide.mcu.externaltools.gnu-tools-for-stm32.11.3.rel1.win32_1.1.100.202309141235/tools/bin/../lib/gcc/arm-none-eabi/11.3.1/../../../../arm-none-eabi/lib/thumb/v7-m/nofp\libm.a
LOAD D:/App/STM32CubeIDE_1.13.1/STM32CubeIDE/plugins/com.st.stm32cube.ide.mcu.externaltools.gnu-tools-for-stm32.11.3.rel1.win32_1.1.100.202309141235/tools/bin/../lib/gcc/arm-none-eabi/11.3.1/thumb/v7-m/nofp\libgcc.a

.comment        0x0000000000000000       0x43
 .comment       0x0000000000000000       0x43 D:/App/STM32CubeIDE_1.13.1/STM32CubeIDE/plugins/com.st.stm32cube.ide.mcu.externaltools.gnu-tools-for-stm32.11.3.rel1.win32_1.1.100.202309141235/tools/bin/../lib/gcc/arm-none-eabi/11.3.1/thumb/v7-m/nofp/crtbegin.o
                                         0x44 (size before relaxing)
 .comment       0x0000000000000043       0x44 ./Core/Src/album/exfuns.o
 .comment       0x0000000000000043       0x44 ./Core/Src/album/fattester.o
 .comment       0x0000000000000043       0x44 ./Core/Src/album/malloc.o
 .comment       0x0000000000000043       0x44 ./Core/Src/album/mmc_sd.o
 .comment       0x0000000000000043       0x44 ./Core/Src/album/piclib.o
 .comment       0x0000000000000043       0x44 ./Core/Src/album/remote.o
 .comment       0x0000000000000043       0x44 ./Core/Src/album/tjpgd.o
 .comment       0x0000000000000043       0x44 ./Core/Src/album/w25qxx.o
 .comment       0x0000000000000043       0x44 ./Core/Src/gpio.o
 .comment       0x0000000000000043       0x44 ./Core/Src/lcd.o
 .comment       0x0000000000000043       0x44 ./Core/Src/main.o
 .comment       0x0000000000000043       0x44 ./Core/Src/spi.o
 .comment       0x0000000000000043       0x44 ./Core/Src/stm32f1xx_hal_msp.o
 .comment       0x0000000000000043       0x44 ./Core/Src/stm32f1xx_it.o
 .comment       0x0000000000000043       0x44 ./Core/Src/system_stm32f1xx.o
 .comment       0x0000000000000043       0x44 ./Core/Src/tim.o
 .comment       0x0000000000000043       0x44 ./Core/Src/usart.o
 .comment       0x0000000000000043       0x44 ./Drivers/STM32F1xx_HAL_Driver/Src/stm32f1xx_hal.o
 .comment       0x0000000000000043       0x44 ./Drivers/STM32F1xx_HAL_Driver/Src/stm32f1xx_hal_cortex.o
 .comment       0x0000000000000043       0x44 ./Drivers/STM32F1xx_HAL_Driver/Src/stm32f1xx_hal_dma.o
 .comment       0x0000000000000043       0x44 ./Drivers/STM32F1xx_HAL_Driver/Src/stm32f1xx_hal_gpio.o
 .comment       0x0000000000000043       0x44 ./Drivers/STM32F1xx_HAL_Driver/Src/stm32f1xx_hal_rcc.o
 .comment       0x0000000000000043       0x44 ./Drivers/STM32F1xx_HAL_Driver/Src/stm32f1xx_hal_spi.o
 .comment       0x0000000000000043       0x44 ./Drivers/STM32F1xx_HAL_Driver/Src/stm32f1xx_hal_tim.o
 .comment       0x0000000000000043       0x44 ./Drivers/STM32F1xx_HAL_Driver/Src/stm32f1xx_hal_tim_ex.o
 .comment       0x0000000000000043       0x44 ./Drivers/STM32F1xx_HAL_Driver/Src/stm32f1xx_hal_uart.o
 .comment       0x0000000000000043       0x44 ./FATFS/App/fatfs.o
 .comment       0x0000000000000043       0x44 ./FATFS/Target/user_diskio.o
 .comment       0x0000000000000043       0x44 ./Middlewares/Third_Party/FatFs/src/diskio.o
 .comment       0x0000000000000043       0x44 ./Middlewares/Third_Party/FatFs/src/ff.o
 .comment       0x0000000000000043       0x44 ./Middlewares/Third_Party/FatFs/src/ff_gen_drv.o

.debug_info     0x0000000000000000    0x175e9
 .debug_info    0x0000000000000000      0xb9d ./Core/Src/album/exfuns.o
 .debug_info    0x0000000000000b9d      0xd8d ./Core/Src/album/fattester.o
 .debug_info    0x000000000000192a      0x427 ./Core/Src/album/malloc.o
 .debug_info    0x0000000000001d51      0x67b ./Core/Src/album/mmc_sd.o
 .debug_info    0x00000000000023cc      0x672 ./Core/Src/album/piclib.o
 .debug_info    0x0000000000002a3e      0x82f ./Core/Src/album/remote.o
 .debug_info    0x000000000000326d     0x1533 ./Core/Src/album/tjpgd.o
 .debug_info    0x00000000000047a0      0x5c1 ./Core/Src/album/w25qxx.o
 .debug_info    0x0000000000004d61      0x169 ./Core/Src/gpio.o
 .debug_info    0x0000000000004eca      0xd8f ./Core/Src/lcd.o
 .debug_info    0x0000000000005c59      0xeb0 ./Core/Src/main.o
 .debug_info    0x0000000000006b09      0xa39 ./Core/Src/spi.o
 .debug_info    0x0000000000007542      0x1f1 ./Core/Src/stm32f1xx_hal_msp.o
 .debug_info    0x0000000000007733      0xe1b ./Core/Src/stm32f1xx_it.o
 .debug_info    0x000000000000854e      0x222 ./Core/Src/system_stm32f1xx.o
 .debug_info    0x0000000000008770      0xb54 ./Core/Src/tim.o
 .debug_info    0x00000000000092c4      0x990 ./Core/Src/usart.o
 .debug_info    0x0000000000009c54       0x23 ./Core/Startup/startup_stm32f103rctx.o
 .debug_info    0x0000000000009c77      0x76a ./Drivers/STM32F1xx_HAL_Driver/Src/stm32f1xx_hal.o
 .debug_info    0x000000000000a3e1      0xaed ./Drivers/STM32F1xx_HAL_Driver/Src/stm32f1xx_hal_cortex.o
 .debug_info    0x000000000000aece      0x6d2 ./Drivers/STM32F1xx_HAL_Driver/Src/stm32f1xx_hal_dma.o
 .debug_info    0x000000000000b5a0      0x5ab ./Drivers/STM32F1xx_HAL_Driver/Src/stm32f1xx_hal_gpio.o
 .debug_info    0x000000000000bb4b      0x7d5 ./Drivers/STM32F1xx_HAL_Driver/Src/stm32f1xx_hal_rcc.o
 .debug_info    0x000000000000c320     0x150f ./Drivers/STM32F1xx_HAL_Driver/Src/stm32f1xx_hal_spi.o
 .debug_info    0x000000000000d82f     0x293b ./Drivers/STM32F1xx_HAL_Driver/Src/stm32f1xx_hal_tim.o
 .debug_info    0x000000000001016a     0x149b ./Drivers/STM32F1xx_HAL_Driver/Src/stm32f1xx_hal_tim_ex.o
 .debug_info    0x0000000000011605     0x2fa8 ./Drivers/STM32F1xx_HAL_Driver/Src/stm32f1xx_hal_uart.o
 .debug_info    0x00000000000145ad      0x4cf ./FATFS/App/fatfs.o
 .debug_info    0x0000000000014a7c      0x328 ./FATFS/Target/user_diskio.o
 .debug_info    0x0000000000014da4      0x3f1 ./Middlewares/Third_Party/FatFs/src/diskio.o
 .debug_info    0x0000000000015195     0x20da ./Middlewares/Third_Party/FatFs/src/ff.o
 .debug_info    0x000000000001726f      0x37a ./Middlewares/Third_Party/FatFs/src/ff_gen_drv.o

.debug_abbrev   0x0000000000000000     0x44a8
 .debug_abbrev  0x0000000000000000      0x2b5 ./Core/Src/album/exfuns.o
 .debug_abbrev  0x00000000000002b5      0x2ba ./Core/Src/album/fattester.o
 .debug_abbrev  0x000000000000056f      0x1e9 ./Core/Src/album/malloc.o
 .debug_abbrev  0x0000000000000758      0x29e ./Core/Src/album/mmc_sd.o
 .debug_abbrev  0x00000000000009f6      0x1d4 ./Core/Src/album/piclib.o
 .debug_abbrev  0x0000000000000bca      0x226 ./Core/Src/album/remote.o
 .debug_abbrev  0x0000000000000df0      0x31b ./Core/Src/album/tjpgd.o
 .debug_abbrev  0x000000000000110b      0x29e ./Core/Src/album/w25qxx.o
 .debug_abbrev  0x00000000000013a9       0xc6 ./Core/Src/gpio.o
 .debug_abbrev  0x000000000000146f      0x2d7 ./Core/Src/lcd.o
 .debug_abbrev  0x0000000000001746      0x356 ./Core/Src/main.o
 .debug_abbrev  0x0000000000001a9c      0x239 ./Core/Src/spi.o
 .debug_abbrev  0x0000000000001cd5       0xdb ./Core/Src/stm32f1xx_hal_msp.o
 .debug_abbrev  0x0000000000001db0      0x295 ./Core/Src/stm32f1xx_it.o
 .debug_abbrev  0x0000000000002045      0x13f ./Core/Src/system_stm32f1xx.o
 .debug_abbrev  0x0000000000002184      0x241 ./Core/Src/tim.o
 .debug_abbrev  0x00000000000023c5      0x205 ./Core/Src/usart.o
 .debug_abbrev  0x00000000000025ca       0x12 ./Core/Startup/startup_stm32f103rctx.o
 .debug_abbrev  0x00000000000025dc      0x201 ./Drivers/STM32F1xx_HAL_Driver/Src/stm32f1xx_hal.o
 .debug_abbrev  0x00000000000027dd      0x2f8 ./Drivers/STM32F1xx_HAL_Driver/Src/stm32f1xx_hal_cortex.o
 .debug_abbrev  0x0000000000002ad5      0x20b ./Drivers/STM32F1xx_HAL_Driver/Src/stm32f1xx_hal_dma.o
 .debug_abbrev  0x0000000000002ce0      0x1ca ./Drivers/STM32F1xx_HAL_Driver/Src/stm32f1xx_hal_gpio.o
 .debug_abbrev  0x0000000000002eaa      0x2b3 ./Drivers/STM32F1xx_HAL_Driver/Src/stm32f1xx_hal_rcc.o
 .debug_abbrev  0x000000000000315d      0x284 ./Drivers/STM32F1xx_HAL_Driver/Src/stm32f1xx_hal_spi.o
 .debug_abbrev  0x00000000000033e1      0x277 ./Drivers/STM32F1xx_HAL_Driver/Src/stm32f1xx_hal_tim.o
 .debug_abbrev  0x0000000000003658      0x282 ./Drivers/STM32F1xx_HAL_Driver/Src/stm32f1xx_hal_tim_ex.o
 .debug_abbrev  0x00000000000038da      0x2f8 ./Drivers/STM32F1xx_HAL_Driver/Src/stm32f1xx_hal_uart.o
 .debug_abbrev  0x0000000000003bd2      0x1a8 ./FATFS/App/fatfs.o
 .debug_abbrev  0x0000000000003d7a      0x13c ./FATFS/Target/user_diskio.o
 .debug_abbrev  0x0000000000003eb6      0x179 ./Middlewares/Third_Party/FatFs/src/diskio.o
 .debug_abbrev  0x000000000000402f      0x2da ./Middlewares/Third_Party/FatFs/src/ff.o
 .debug_abbrev  0x0000000000004309      0x19f ./Middlewares/Third_Party/FatFs/src/ff_gen_drv.o

.debug_aranges  0x0000000000000000     0x1620
 .debug_aranges
                0x0000000000000000       0x58 ./Core/Src/album/exfuns.o
 .debug_aranges
                0x0000000000000058       0xc8 ./Core/Src/album/fattester.o
 .debug_aranges
                0x0000000000000120       0x60 ./Core/Src/album/malloc.o
 .debug_aranges
                0x0000000000000180       0xa0 ./Core/Src/album/mmc_sd.o
 .debug_aranges
                0x0000000000000220       0x60 ./Core/Src/album/piclib.o
 .debug_aranges
                0x0000000000000280       0x38 ./Core/Src/album/remote.o
 .debug_aranges
                0x00000000000002b8       0xa0 ./Core/Src/album/tjpgd.o
 .debug_aranges
                0x0000000000000358       0x90 ./Core/Src/album/w25qxx.o
 .debug_aranges
                0x00000000000003e8       0x20 ./Core/Src/gpio.o
 .debug_aranges
                0x0000000000000408      0x118 ./Core/Src/lcd.o
 .debug_aranges
                0x0000000000000520       0x38 ./Core/Src/main.o
 .debug_aranges
                0x0000000000000558       0x40 ./Core/Src/spi.o
 .debug_aranges
                0x0000000000000598       0x20 ./Core/Src/stm32f1xx_hal_msp.o
 .debug_aranges
                0x00000000000005b8       0x80 ./Core/Src/stm32f1xx_it.o
 .debug_aranges
                0x0000000000000638       0x28 ./Core/Src/system_stm32f1xx.o
 .debug_aranges
                0x0000000000000660       0x30 ./Core/Src/tim.o
 .debug_aranges
                0x0000000000000690       0x30 ./Core/Src/usart.o
 .debug_aranges
                0x00000000000006c0       0x28 ./Core/Startup/startup_stm32f103rctx.o
 .debug_aranges
                0x00000000000006e8       0xe0 ./Drivers/STM32F1xx_HAL_Driver/Src/stm32f1xx_hal.o
 .debug_aranges
                0x00000000000007c8      0x100 ./Drivers/STM32F1xx_HAL_Driver/Src/stm32f1xx_hal_cortex.o
 .debug_aranges
                0x00000000000008c8       0x80 ./Drivers/STM32F1xx_HAL_Driver/Src/stm32f1xx_hal_dma.o
 .debug_aranges
                0x0000000000000948       0x58 ./Drivers/STM32F1xx_HAL_Driver/Src/stm32f1xx_hal_gpio.o
 .debug_aranges
                0x00000000000009a0       0x90 ./Drivers/STM32F1xx_HAL_Driver/Src/stm32f1xx_hal_rcc.o
 .debug_aranges
                0x0000000000000a30      0x1d0 ./Drivers/STM32F1xx_HAL_Driver/Src/stm32f1xx_hal_spi.o
 .debug_aranges
                0x0000000000000c00      0x3d0 ./Drivers/STM32F1xx_HAL_Driver/Src/stm32f1xx_hal_tim.o
 .debug_aranges
                0x0000000000000fd0      0x168 ./Drivers/STM32F1xx_HAL_Driver/Src/stm32f1xx_hal_tim_ex.o
 .debug_aranges
                0x0000000000001138      0x208 ./Drivers/STM32F1xx_HAL_Driver/Src/stm32f1xx_hal_uart.o
 .debug_aranges
                0x0000000000001340       0x28 ./FATFS/App/fatfs.o
 .debug_aranges
                0x0000000000001368       0x40 ./FATFS/Target/user_diskio.o
 .debug_aranges
                0x00000000000013a8       0x50 ./Middlewares/Third_Party/FatFs/src/diskio.o
 .debug_aranges
                0x00000000000013f8      0x1e8 ./Middlewares/Third_Party/FatFs/src/ff.o
 .debug_aranges
                0x00000000000015e0       0x40 ./Middlewares/Third_Party/FatFs/src/ff_gen_drv.o

.debug_rnglists
                0x0000000000000000     0x1132
 .debug_rnglists
                0x0000000000000000       0x42 ./Core/Src/album/exfuns.o
 .debug_rnglists
                0x0000000000000042       0x95 ./Core/Src/album/fattester.o
 .debug_rnglists
                0x00000000000000d7       0x44 ./Core/Src/album/malloc.o
 .debug_rnglists
                0x000000000000011b       0x78 ./Core/Src/album/mmc_sd.o
 .debug_rnglists
                0x0000000000000193       0x46 ./Core/Src/album/piclib.o
 .debug_rnglists
                0x00000000000001d9       0x28 ./Core/Src/album/remote.o
 .debug_rnglists
                0x0000000000000201       0x7f ./Core/Src/album/tjpgd.o
 .debug_rnglists
                0x0000000000000280       0x6b ./Core/Src/album/w25qxx.o
 .debug_rnglists
                0x00000000000002eb       0x13 ./Core/Src/gpio.o
 .debug_rnglists
                0x00000000000002fe       0xdf ./Core/Src/lcd.o
 .debug_rnglists
                0x00000000000003dd       0x28 ./Core/Src/main.o
 .debug_rnglists
                0x0000000000000405       0x2c ./Core/Src/spi.o
 .debug_rnglists
                0x0000000000000431       0x13 ./Core/Src/stm32f1xx_hal_msp.o
 .debug_rnglists
                0x0000000000000444       0x6b ./Core/Src/stm32f1xx_it.o
 .debug_rnglists
                0x00000000000004af       0x1a ./Core/Src/system_stm32f1xx.o
 .debug_rnglists
                0x00000000000004c9       0x21 ./Core/Src/tim.o
 .debug_rnglists
                0x00000000000004ea       0x20 ./Core/Src/usart.o
 .debug_rnglists
                0x000000000000050a       0x19 ./Core/Startup/startup_stm32f103rctx.o
 .debug_rnglists
                0x0000000000000523       0xa3 ./Drivers/STM32F1xx_HAL_Driver/Src/stm32f1xx_hal.o
 .debug_rnglists
                0x00000000000005c6       0xbb ./Drivers/STM32F1xx_HAL_Driver/Src/stm32f1xx_hal_cortex.o
 .debug_rnglists
                0x0000000000000681       0x64 ./Drivers/STM32F1xx_HAL_Driver/Src/stm32f1xx_hal_dma.o
 .debug_rnglists
                0x00000000000006e5       0x3f ./Drivers/STM32F1xx_HAL_Driver/Src/stm32f1xx_hal_gpio.o
 .debug_rnglists
                0x0000000000000724       0x6c ./Drivers/STM32F1xx_HAL_Driver/Src/stm32f1xx_hal_rcc.o
 .debug_rnglists
                0x0000000000000790      0x16e ./Drivers/STM32F1xx_HAL_Driver/Src/stm32f1xx_hal_spi.o
 .debug_rnglists
                0x00000000000008fe      0x31a ./Drivers/STM32F1xx_HAL_Driver/Src/stm32f1xx_hal_tim.o
 .debug_rnglists
                0x0000000000000c18      0x125 ./Drivers/STM32F1xx_HAL_Driver/Src/stm32f1xx_hal_tim_ex.o
 .debug_rnglists
                0x0000000000000d3d      0x1bc ./Drivers/STM32F1xx_HAL_Driver/Src/stm32f1xx_hal_uart.o
 .debug_rnglists
                0x0000000000000ef9       0x19 ./FATFS/App/fatfs.o
 .debug_rnglists
                0x0000000000000f12       0x2b ./FATFS/Target/user_diskio.o
 .debug_rnglists
                0x0000000000000f3d       0x3a ./Middlewares/Third_Party/FatFs/src/diskio.o
 .debug_rnglists
                0x0000000000000f77      0x18f ./Middlewares/Third_Party/FatFs/src/ff.o
 .debug_rnglists
                0x0000000000001106       0x2c ./Middlewares/Third_Party/FatFs/src/ff_gen_drv.o

.debug_macro    0x0000000000000000    0x1d3a6
 .debug_macro   0x0000000000000000      0x300 ./Core/Src/album/exfuns.o
 .debug_macro   0x0000000000000300      0xa9c ./Core/Src/album/exfuns.o
 .debug_macro   0x0000000000000d9c       0x22 ./Core/Src/album/exfuns.o
 .debug_macro   0x0000000000000dbe       0x5b ./Core/Src/album/exfuns.o
 .debug_macro   0x0000000000000e19       0x24 ./Core/Src/album/exfuns.o
 .debug_macro   0x0000000000000e3d       0x94 ./Core/Src/album/exfuns.o